// Jest Snapshot v1, https://goo.gl/fbAQLP

exports[`FeatureFlags Constructs as expected 1`] = `
FeatureFlags {
  "ENABLED": "enabled",
}
`;
