// Jest Snapshot v1, https://goo.gl/fbAQLP

exports[`Code Icon Icon 1`] = `
<svg
  viewBox="0 0 32 32"
  xmlns="http://www.w3.org/2000/svg"
>
  <g
    opacity="0.12"
  >
    <rect
      className="fill"
      height="21.58"
      rx="1.09"
      ry="1.09"
      width="22.12"
      x="4.94"
      y="5.23"
    />
  </g>
  <line
    className="stroke"
    strokeLinecap="round"
    strokeMiterlimit="10"
    x1="13.37"
    x2="18.37"
    y1="16.76"
    y2="16.76"
  />
  <line
    className="stroke"
    strokeLinecap="round"
    strokeMiterlimit="10"
    x1="8.11"
    x2="11.64"
    y1="15.76"
    y2="12.23"
  />
  <line
    className="stroke"
    strokeLinecap="round"
    strokeMiterlimit="10"
    x1="8.11"
    x2="11.64"
    y1="8.69"
    y2="12.23"
  />
</svg>
`;
