// Jest Snapshot v1, https://goo.gl/fbAQLP

exports[`Code Code component 1`] = `
<div
  className="component"
  data-focussed={false}
  data-id="id"
  data-obo-component={true}
  data-type="ObojoboDraft.Chunks.Code"
  id="obo-id"
  tabIndex={-1}
>
  <div
    className="text-chunk obojobo-draft--chunks--code pad"
  >
    <pre>
      <code>
        <span
          className="text align-left"
          data-group-index={0}
          data-indent={0}
        >
          <span>
            <span>
              <span>
                Example Text
              </span>
            </span>
          </span>
        </span>
      </code>
    </pre>
  </div>
</div>
`;
