// Jest Snapshot v1, https://goo.gl/fbAQLP

exports[`FullReview FullReview component 1`] = `
<div
  className="attempt-review-container"
>
  <div
    className="attempt-button-container is-showing-one-item"
  >
    <div
      className="obojobo-draft--components--button-bar"
    />
  </div>
</div>
`;

exports[`FullReview FullReview component with assessment review context 1`] = `
<div
  className="attempt-review-container"
>
  <div
    className="attempt-button-container is-showing-one-item"
  >
    <div
      className="obojobo-draft--components--button-bar"
    >
      <div
        className="is-selected"
      >
        <div
          className="obojobo-draft--components--button alt-action is-not-dangerous align-center"
          contentEditable={false}
        >
          <button
            aria-label="Attempt 3"
            aria-selected={true}
            className="button"
            contentEditable={false}
            onClick={[Function]}
          >
            3
          </button>
        </div>
      </div>
    </div>
  </div>
  <div
    className="attempt-results"
  >
    <div
      className="attempt-header"
    >
      <div
        className="attempt-info-container"
      >
        <svg
          aria-hidden={true}
          viewBox="0 0 114.33 114.33"
          xmlns="http://www.w3.org/2000/svg"
        >
          <defs>
            <style>
              .cls-1{fill:#eadff6;}.cls-2{fill:#fff;}.cls-3{fill:#d7c6ed;}.cls-4{fill:#8fb9eb;}.cls-5{fill:#e8f3e2;}.cls-6{fill:#77b851;}
            </style>
          </defs>
          <title>
            obo-assessment-review-icon
          </title>
          <circle
            className="cls-1"
            cx="57.17"
            cy="57.17"
            r="57.17"
          />
          <rect
            className="cls-2"
            height="56.6"
            rx="3.72"
            ry="3.72"
            width="49.33"
            x="32.5"
            y="28.87"
          />
          <path
            className="cls-3"
            d="M43.15,39.35a4.06,4.06,0,1,0,4.06,4.06A4.06,4.06,0,0,0,43.15,39.35Zm0,6.31a2.25,2.25,0,1,1,2.25-2.25A2.25,2.25,0,0,1,43.15,45.67Z"
          />
          <rect
            className="cls-3"
            height="4.25"
            rx="2.12"
            ry="2.12"
            width="23.75"
            x="51.5"
            y="41.29"
          />
          <path
            className="cls-3"
            d="M43.15,53.1a4.06,4.06,0,1,0,4.06,4.06A4.06,4.06,0,0,0,43.15,53.1Zm0,6.31a2.25,2.25,0,1,1,2.25-2.25A2.25,2.25,0,0,1,43.15,59.42Z"
          />
          <rect
            className="cls-3"
            height="4.25"
            rx="2.12"
            ry="2.12"
            width="23.75"
            x="51.5"
            y="55.04"
          />
          <path
            className="cls-3"
            d="M43.15,66.85a4.06,4.06,0,1,0,4.06,4.06A4.06,4.06,0,0,0,43.15,66.85Z"
          />
          <rect
            className="cls-3"
            height="4.25"
            rx="2.12"
            ry="2.12"
            width="23.75"
            x="51.5"
            y="68.79"
          />
          <path
            className="cls-2"
            d="M91.27,81.5l-5.39-5.39a15.3,15.3,0,1,0-7.65,7.74l5.35,5.35a3.53,3.53,0,0,0,5,0l2.72-2.72A3.53,3.53,0,0,0,91.27,81.5Z"
          />
          <path
            className="cls-4"
            d="M88.24,83.1,82,76.86A11.87,11.87,0,1,0,78.82,80l6.24,6.24a1.25,1.25,0,0,0,1.76,0l1.42-1.42A1.25,1.25,0,0,0,88.24,83.1Z"
          />
          <circle
            className="cls-5"
            cx="72.16"
            cy="70.2"
            r="8.79"
          />
          <path
            className="cls-6"
            d="M78.18,67.41l-1.75-1.75a.67.67,0,0,0-.94,0l-4.17,4.17L69.46,68a.67.67,0,0,0-.94,0l-1.75,1.75a.67.67,0,0,0,0,.94l2.72,2.72h0l1.35,1.35a.67.67,0,0,0,.94,0l6.39-6.39A.67.67,0,0,0,78.18,67.41Z"
          />
        </svg>
        <div
          className="attempt-info-content-container"
        >
          <h4>
            <strong>
              Attempt 3
            </strong>
          </h4>
          <div
            className="attempt-info-content"
          >
            <div>
              Submitted 
              <time
                aria-hidden="true"
                dateTime="2018-06-05T16:28:11.228-04:00"
              >
                6/05/18 at 4:28p.m.
              </time>
              <span
                className="for-screen-reader-only"
              >
                June 156th 2018 at 4:28p.m.
              </span>
            </div>
            <div>
              6
               out of 
              7
               question
              s
               correct
            </div>
            <div>
              Attempt Score: 
              <strong>
                80% â†’ 80%
              </strong>
              <div
                className="obojobo-draft--components--more-info-button is-default-label is-mode-hidden"
              >
                <button
                  aria-label="Click to explain attempt score in detail"
                  onClick={[Function]}
                  onMouseOut={[Function]}
                  onMouseOver={[Function]}
                >
                  ?
                </button>
              </div>
            </div>
          </div>
        </div>
      </div>
    </div>
    <div
      className="review is-basic-review"
    >
      <div
        className="is-mode-review is-not-correct"
      >
        <p>
          Question 1: Incorrect
        </p>
        <div
          aria-label="Question"
          className="component obojobo-draft--chunks--question is-not-scored is-active is-mode-review is-type-default is-not-answered"
          data-focussed={false}
          data-id="question"
          data-obo-component={true}
          data-type="ObojoboDraft.Chunks.Question"
          id="obo-question"
          role="region"
          tabIndex="-1"
        >
          <div
            className="flipper"
          >
            <div
              className="content-back"
            >
              <div
                className="obojobo-draft--chunks--question--content"
              />
              <div
                className="pad responses-hidden"
              >
                (Responses Hidden)
              </div>
            </div>
          </div>
        </div>
      </div>
    </div>
  </div>
</div>
`;

exports[`FullReview FullReview component with assessment review context 2`] = `
<div
  className="attempt-review-container"
>
  <div
    className="attempt-button-container is-showing-one-item"
  >
    <div
      className="obojobo-draft--components--button-bar"
    >
      <div
        className="is-selected"
      >
        <div
          className="obojobo-draft--components--button alt-action is-not-dangerous align-center"
          contentEditable={false}
        >
          <button
            aria-label="Attempt 3"
            aria-selected={true}
            className="button"
            contentEditable={false}
            onClick={[Function]}
          >
            3
          </button>
        </div>
      </div>
    </div>
  </div>
  <div
    className="attempt-results"
  >
    <div
      className="attempt-header"
    >
      <div
        className="attempt-info-container"
      >
        <svg
          aria-hidden={true}
          viewBox="0 0 114.33 114.33"
          xmlns="http://www.w3.org/2000/svg"
        >
          <defs>
            <style>
              .cls-1{fill:#eadff6;}.cls-2{fill:#fff;}.cls-3{fill:#d7c6ed;}.cls-4{fill:#8fb9eb;}.cls-5{fill:#e8f3e2;}.cls-6{fill:#77b851;}
            </style>
          </defs>
          <title>
            obo-assessment-review-icon
          </title>
          <circle
            className="cls-1"
            cx="57.17"
            cy="57.17"
            r="57.17"
          />
          <rect
            className="cls-2"
            height="56.6"
            rx="3.72"
            ry="3.72"
            width="49.33"
            x="32.5"
            y="28.87"
          />
          <path
            className="cls-3"
            d="M43.15,39.35a4.06,4.06,0,1,0,4.06,4.06A4.06,4.06,0,0,0,43.15,39.35Zm0,6.31a2.25,2.25,0,1,1,2.25-2.25A2.25,2.25,0,0,1,43.15,45.67Z"
          />
          <rect
            className="cls-3"
            height="4.25"
            rx="2.12"
            ry="2.12"
            width="23.75"
            x="51.5"
            y="41.29"
          />
          <path
            className="cls-3"
            d="M43.15,53.1a4.06,4.06,0,1,0,4.06,4.06A4.06,4.06,0,0,0,43.15,53.1Zm0,6.31a2.25,2.25,0,1,1,2.25-2.25A2.25,2.25,0,0,1,43.15,59.42Z"
          />
          <rect
            className="cls-3"
            height="4.25"
            rx="2.12"
            ry="2.12"
            width="23.75"
            x="51.5"
            y="55.04"
          />
          <path
            className="cls-3"
            d="M43.15,66.85a4.06,4.06,0,1,0,4.06,4.06A4.06,4.06,0,0,0,43.15,66.85Z"
          />
          <rect
            className="cls-3"
            height="4.25"
            rx="2.12"
            ry="2.12"
            width="23.75"
            x="51.5"
            y="68.79"
          />
          <path
            className="cls-2"
            d="M91.27,81.5l-5.39-5.39a15.3,15.3,0,1,0-7.65,7.74l5.35,5.35a3.53,3.53,0,0,0,5,0l2.72-2.72A3.53,3.53,0,0,0,91.27,81.5Z"
          />
          <path
            className="cls-4"
            d="M88.24,83.1,82,76.86A11.87,11.87,0,1,0,78.82,80l6.24,6.24a1.25,1.25,0,0,0,1.76,0l1.42-1.42A1.25,1.25,0,0,0,88.24,83.1Z"
          />
          <circle
            className="cls-5"
            cx="72.16"
            cy="70.2"
            r="8.79"
          />
          <path
            className="cls-6"
            d="M78.18,67.41l-1.75-1.75a.67.67,0,0,0-.94,0l-4.17,4.17L69.46,68a.67.67,0,0,0-.94,0l-1.75,1.75a.67.67,0,0,0,0,.94l2.72,2.72h0l1.35,1.35a.67.67,0,0,0,.94,0l6.39-6.39A.67.67,0,0,0,78.18,67.41Z"
          />
        </svg>
        <div
          className="attempt-info-content-container"
        >
          <h4>
            <strong>
              Attempt 3
            </strong>
          </h4>
          <div
            className="attempt-info-content"
          >
            <div>
              Imported 
              <time
                aria-hidden="true"
                dateTime="2018-06-05T16:28:11.228-04:00"
              >
                6/05/18 at 4:28p.m.
              </time>
              <span
                className="for-screen-reader-only"
              >
                June 156th 2018 at 4:28p.m.
              </span>
            </div>
            <div>
              6
               out of 
              7
               question
              s
               correct
            </div>
            <div>
              Attempt Score: 
              <strong>
                50%
              </strong>
              <div
                className="obojobo-draft--components--more-info-button is-default-label is-mode-hidden"
              >
                <button
                  aria-label="Click to explain attempt score in detail"
                  onClick={[Function]}
                  onMouseOut={[Function]}
                  onMouseOver={[Function]}
                >
                  ?
                </button>
              </div>
            </div>
          </div>
        </div>
      </div>
    </div>
    <div
      className="review is-basic-review"
    >
      <div
        className="is-mode-review is-not-correct"
      >
        <p>
          Question 1: Incorrect
        </p>
        <div
          aria-label="Question"
          className="component obojobo-draft--chunks--question is-not-scored is-active is-mode-review is-type-default is-not-answered"
          data-focussed={false}
          data-id="question"
          data-obo-component={true}
          data-type="ObojoboDraft.Chunks.Question"
          id="obo-question"
          role="region"
          tabIndex="-1"
        >
          <div
            className="flipper"
          >
            <div
              className="content-back"
            >
              <div
                className="obojobo-draft--chunks--question--content"
              />
              <div
                className="pad responses-hidden"
              >
                (Responses Hidden)
              </div>
            </div>
          </div>
        </div>
      </div>
    </div>
  </div>
</div>
`;

exports[`FullReview FullReview component with attempt 1`] = `
<div
  className="attempt-review-container"
>
  <div
    className="attempt-button-container is-showing-one-item"
  >
    <div
      className="obojobo-draft--components--button-bar"
    >
      <div
        className="is-selected"
      >
        <div
          className="obojobo-draft--components--button alt-action is-not-dangerous align-center"
          contentEditable={false}
        >
          <button
            aria-label="Attempt 3"
            aria-selected={true}
            className="button"
            contentEditable={false}
            onClick={[Function]}
          >
            3
          </button>
        </div>
      </div>
    </div>
  </div>
</div>
`;

exports[`FullReview FullReview component with five attempts 1`] = `
<div
  className="attempt-review-container"
>
  <div
    className="attempt-button-container null"
  >
    <div
      className="obojobo-draft--components--button-bar"
    >
      <div
        className=""
      >
        <div
          className="obojobo-draft--components--button alt-action is-not-dangerous align-center"
          contentEditable={false}
        >
          <button
            aria-label="Attempt 1"
            aria-selected={false}
            className="button"
            contentEditable={false}
            onClick={[Function]}
          >
            1
          </button>
        </div>
      </div>
      <div
        className=""
      >
        <div
          className="obojobo-draft--components--button alt-action is-not-dangerous align-center"
          contentEditable={false}
        >
          <button
            aria-label="Attempt 1"
            aria-selected={false}
            className="button"
            contentEditable={false}
            onClick={[Function]}
          >
            1
          </button>
        </div>
      </div>
      <div
        className=""
      >
        <div
          className="obojobo-draft--components--button alt-action is-not-dangerous align-center"
          contentEditable={false}
        >
          <button
            aria-label="Attempt 1"
            aria-selected={false}
            className="button"
            contentEditable={false}
            onClick={[Function]}
          >
            1
          </button>
        </div>
      </div>
      <div
        className=""
      >
        <div
          className="obojobo-draft--components--button alt-action is-not-dangerous align-center"
          contentEditable={false}
        >
          <button
            aria-label="Attempt 1"
            aria-selected={false}
            className="button"
            contentEditable={false}
            onClick={[Function]}
          >
            1
          </button>
        </div>
      </div>
      <div
        className="is-selected"
      >
        <div
          className="obojobo-draft--components--button alt-action is-not-dangerous align-center"
          contentEditable={false}
        >
          <button
            aria-label="Attempt 1"
            aria-selected={true}
            className="button"
            contentEditable={false}
            onClick={[Function]}
          >
            1
          </button>
        </div>
      </div>
    </div>
  </div>
</div>
`;

exports[`FullReview FullReview component with fully displayed attempt 1`] = `
<div
  className="attempt-review-container"
>
  <div
    className="attempt-button-container is-showing-one-item"
  >
    <div
      className="obojobo-draft--components--button-bar"
    >
      <div
        className="is-selected"
      >
        <div
          className="obojobo-draft--components--button alt-action is-not-dangerous align-center"
          contentEditable={false}
        >
          <button
            aria-label="Attempt 3"
            aria-selected={true}
            className="button"
            contentEditable={false}
            onClick={[Function]}
          >
            3
          </button>
        </div>
      </div>
    </div>
  </div>
</div>
`;

exports[`FullReview FullReview component with highest attempt 1`] = `
<div
  className="attempt-review-container"
>
  <div
    className="attempt-button-container is-showing-one-item"
  >
    <div
      className="obojobo-draft--components--button-bar"
    >
      <div
        className="is-selected"
      >
        <div
          className="obojobo-draft--components--button alt-action is-not-dangerous align-center"
          contentEditable={false}
        >
          <button
            aria-label="Attempt 3"
            aria-selected={true}
            className="button"
            contentEditable={false}
            onClick={[Function]}
          >
            3
          </button>
        </div>
      </div>
    </div>
  </div>
</div>
`;

exports[`FullReview FullReview component with non-passing attempt 1`] = `
<div
  className="attempt-review-container"
>
  <div
    className="attempt-button-container is-showing-one-item"
  >
    <div
      className="obojobo-draft--components--button-bar"
    >
      <div
        className="is-selected"
      >
        <div
          className="obojobo-draft--components--button alt-action is-not-dangerous align-center"
          contentEditable={false}
        >
          <button
            aria-label="Attempt 3"
            aria-selected={true}
            className="button"
            contentEditable={false}
            onClick={[Function]}
          >
            3
          </button>
        </div>
      </div>
    </div>
  </div>
</div>
`;

exports[`FullReview FullReview component with two attempts 1`] = `
<div
  className="attempt-review-container"
>
  <div
    className="attempt-button-container null"
  >
    <div
      className="obojobo-draft--components--button-bar"
    >
      <div
        className=""
      >
        <div
          className="obojobo-draft--components--button alt-action is-not-dangerous align-center"
          contentEditable={false}
        >
          <button
            aria-label="Attempt 3"
            aria-selected={false}
            className="button"
            contentEditable={false}
            onClick={[Function]}
          >
            3
          </button>
        </div>
      </div>
      <div
        className="is-selected"
      >
        <div
          className="obojobo-draft--components--button alt-action is-not-dangerous align-center"
          contentEditable={false}
        >
          <button
            aria-label="Attempt undefined"
            aria-selected={true}
            className="button"
            contentEditable={false}
            onClick={[Function]}
          />
        </div>
      </div>
    </div>
  </div>
</div>
`;
