// Jest Snapshot v1, https://goo.gl/fbAQLP

exports[`NavStore Regisers events w/ dispatcher 1`] = `
Object {
  "nav:close": [Function],
  "nav:goto": [Function],
  "nav:gotoPath": [Function],
  "nav:hideChildren": [Function],
  "nav:lock": [Function],
  "nav:next": [Function],
  "nav:open": [Function],
  "nav:openExternalLink": [Function],
  "nav:prev": [Function],
  "nav:rebuildMenu": [Function],
  "nav:resetContext": [Function],
  "nav:setContext": [Function],
  "nav:setFlag": [Function],
  "nav:setRedAlert": [Function],
  "nav:showChildren": [Function],
  "nav:toggle": [Function],
  "nav:unlock": [Function],
  "question:scoreSet": [Function],
}
`;

exports[`NavStore buildMenu should reset menu items 1`] = `
Object {
  "items": "mockModel",
  "itemsByFullPath": Object {},
  "itemsById": Object {},
  "itemsByPath": Object {},
}
`;

exports[`NavStore generateNav builds a navItem 1`] = `
Object {
  "children": Array [
    Object {
      "children": Array [],
      "flags": Object {
        "complete": false,
        "correct": false,
      },
      "flatPath": "whatever/whatever2",
      "fullFlatPath": "/view/66/visit/visitId/whatever/whatever2",
      "fullPath": Array [
        "whatever",
        "whatever2",
      ],
      "id": 9,
      "label": "",
      "parent": [Circular],
      "path": "whatever2",
      "showChildren": true,
      "showChildrenOnNavigation": true,
      "type": "hidden",
    },
  ],
  "flags": Object {
    "complete": false,
    "correct": false,
  },
  "fullPath": Array [
    "whatever",
  ],
  "id": 11,
  "label": "",
  "parent": null,
  "path": "whatever",
  "showChildren": true,
  "showChildrenOnNavigation": true,
  "type": "hidden",
}
`;

exports[`NavStore generateNav builds a navItem 2`] = `
Object {
  "isInitialized": true,
  "itemsByFullPath": Object {
    "/view/66/visit/visitId/whatever/whatever2": Object {
      "children": Array [],
      "flags": Object {
        "complete": false,
        "correct": false,
      },
      "flatPath": "whatever/whatever2",
      "fullFlatPath": "/view/66/visit/visitId/whatever/whatever2",
      "fullPath": Array [
        "whatever",
        "whatever2",
      ],
      "id": 9,
      "label": "",
      "parent": Object {
        "children": Array [
          [Circular],
        ],
        "flags": Object {
          "complete": false,
          "correct": false,
        },
        "fullPath": Array [
          "whatever",
        ],
        "id": 11,
        "label": "",
        "parent": null,
        "path": "whatever",
        "showChildren": true,
        "showChildrenOnNavigation": true,
        "type": "hidden",
      },
      "path": "whatever2",
      "showChildren": true,
      "showChildrenOnNavigation": true,
      "type": "hidden",
    },
  },
  "itemsById": Object {
    "11": Object {
      "children": Array [
        Object {
          "children": Array [],
          "flags": Object {
            "complete": false,
            "correct": false,
          },
          "flatPath": "whatever/whatever2",
          "fullFlatPath": "/view/66/visit/visitId/whatever/whatever2",
          "fullPath": Array [
            "whatever",
            "whatever2",
          ],
          "id": 9,
          "label": "",
          "parent": [Circular],
          "path": "whatever2",
          "showChildren": true,
          "showChildrenOnNavigation": true,
          "type": "hidden",
        },
      ],
      "flags": Object {
        "complete": false,
        "correct": false,
      },
      "fullPath": Array [
        "whatever",
      ],
      "id": 11,
      "label": "",
      "parent": null,
      "path": "whatever",
      "showChildren": true,
      "showChildrenOnNavigation": true,
      "type": "hidden",
    },
    "9": Object {
      "children": Array [],
      "flags": Object {
        "complete": false,
        "correct": false,
      },
      "flatPath": "whatever/whatever2",
      "fullFlatPath": "/view/66/visit/visitId/whatever/whatever2",
      "fullPath": Array [
        "whatever",
        "whatever2",
      ],
      "id": 9,
      "label": "",
      "parent": Object {
        "children": Array [
          [Circular],
        ],
        "flags": Object {
          "complete": false,
          "correct": false,
        },
        "fullPath": Array [
          "whatever",
        ],
        "id": 11,
        "label": "",
        "parent": null,
        "path": "whatever",
        "showChildren": true,
        "showChildrenOnNavigation": true,
        "type": "hidden",
      },
      "path": "whatever2",
      "showChildren": true,
      "showChildrenOnNavigation": true,
      "type": "hidden",
    },
  },
  "itemsByPath": Object {
    "whatever/whatever2": Object {
      "children": Array [],
      "flags": Object {
        "complete": false,
        "correct": false,
      },
      "flatPath": "whatever/whatever2",
      "fullFlatPath": "/view/66/visit/visitId/whatever/whatever2",
      "fullPath": Array [
        "whatever",
        "whatever2",
      ],
      "id": 9,
      "label": "",
      "parent": Object {
        "children": Array [
          [Circular],
        ],
        "flags": Object {
          "complete": false,
          "correct": false,
        },
        "fullPath": Array [
          "whatever",
        ],
        "id": 11,
        "label": "",
        "parent": null,
        "path": "whatever",
        "showChildren": true,
        "showChildrenOnNavigation": true,
        "type": "hidden",
      },
      "path": "whatever2",
      "showChildren": true,
      "showChildrenOnNavigation": true,
      "type": "hidden",
    },
  },
  "visitId": "visitId",
}
`;

exports[`NavStore gotoItem sends triggers events and updates history 1`] = `
Object {
  "isInitialized": true,
  "itemsById": Object {
    "mockId": Object {
      "showChildren": false,
    },
  },
  "navTargetHistory": Array [
    "mockId",
  ],
  "navTargetId": "newItem",
}
`;

exports[`NavStore gotoItem sends updates history with no previous item 1`] = `
Object {
  "isInitialized": true,
  "itemsById": Object {
    "mockId": Object {
      "showChildren": false,
    },
  },
  "navTargetHistory": Array [
    "mockId",
  ],
  "navTargetId": "newItem",
}
`;

exports[`NavStore init builds state locked state 1`] = `
Object {
  "context": "practice",
  "draftId": "mockDraftId",
  "isInitialized": true,
  "items": Object {},
  "itemsByFullPath": Object {},
  "itemsById": Object {},
  "itemsByPath": Object {},
  "locked": true,
  "navTargetHistory": Array [],
  "navTargetId": null,
  "open": true,
  "redAlert": false,
  "visitId": 11,
}
`;

exports[`NavStore init builds state open state 1`] = `
Object {
  "context": "practice",
  "draftId": "mockDraftId",
  "isInitialized": true,
  "items": Object {},
  "itemsByFullPath": Object {},
  "itemsById": Object {},
  "itemsByPath": Object {},
  "locked": false,
  "navTargetHistory": Array [],
  "navTargetId": null,
  "open": true,
  "redAlert": false,
  "visitId": 11,
}
`;

exports[`NavStore init builds state with basic options 1`] = `
Object {
  "context": "practice",
  "draftId": "mockDraftId",
  "isInitialized": true,
  "items": Object {},
  "itemsByFullPath": Object {},
  "itemsById": Object {},
  "itemsByPath": Object {},
  "locked": false,
  "navTargetHistory": Array [],
  "navTargetId": null,
  "open": true,
  "redAlert": false,
  "visitId": 11,
}
`;

exports[`NavStore nav:close event fires and updates state 1`] = `
Array [
  "navstore:change",
]
`;

exports[`NavStore nav:close event fires and updates state 2`] = `
Array [
  Object {
    "action": "nav:close",
    "draftId": "mockDraftId",
    "eventVersion": "1.0.0",
    "visitId": undefined,
  },
]
`;

exports[`NavStore nav:close event fires and updates state 3`] = `
Object {
  "draftId": "mockDraftId",
  "isInitialized": true,
  "locked": "unchanged",
  "open": false,
}
`;

exports[`NavStore nav:close event fires and updates state 4`] = `
Array [
  "navstore:change",
]
`;

exports[`NavStore nav:close event fires and updates state 5`] = `
Array [
  Object {
    "action": "nav:close",
    "draftId": "mockDraftId",
    "eventVersion": "1.0.0",
    "visitId": undefined,
  },
]
`;

exports[`NavStore nav:close event fires and updates state 6`] = `
Object {
  "draftId": "mockDraftId",
  "isInitialized": true,
  "locked": "unchanged",
  "open": false,
}
`;

exports[`NavStore nav:goto changes page and posts event 1`] = `
Array [
  Object {
    "action": "nav:goto",
    "draftId": "mockDraftId",
    "eventVersion": "1.0.0",
    "payload": Object {
      "from": 7,
      "to": "mock",
    },
    "visitId": undefined,
  },
]
`;

exports[`NavStore nav:gotoPath event calls gotoItem and postEvent 1`] = `
Array [
  Object {
    "action": "nav:gotoPath",
    "draftId": "mockDraftId",
    "eventVersion": "1.0.0",
    "payload": Object {
      "from": 7,
      "to": "mock",
    },
    "visitId": undefined,
  },
]
`;

exports[`NavStore nav:gotoPath event does not go to incorrect item 1`] = `undefined`;

exports[`NavStore nav:hideChildren event fires and updates state 1`] = `
Array [
  "navstore:change",
]
`;

exports[`NavStore nav:hideChildren event fires and updates state 2`] = `
Object {
  "isInitialized": true,
  "itemsById": Object {
    "mockID": Object {
      "showChildren": false,
    },
  },
}
`;

exports[`NavStore nav:lock event fires and updates state 1`] = `
Array [
  Object {
    "action": "nav:lock",
    "draftId": "mockDraftId",
    "eventVersion": "1.0.0",
    "visitId": undefined,
  },
]
`;

exports[`NavStore nav:lock event fires and updates state 2`] = `
Object {
  "draftId": "mockDraftId",
  "isInitialized": true,
  "locked": true,
  "open": "unchanged",
}
`;

exports[`NavStore nav:next changes page and posts event 1`] = `
Array [
  Object {
    "action": "nav:next",
    "draftId": "mockDraftId",
    "eventVersion": "1.0.0",
    "payload": Object {
      "from": 7,
      "to": "mockNext",
    },
    "visitId": undefined,
  },
]
`;

exports[`NavStore nav:next does not change to invalid page 1`] = `undefined`;

exports[`NavStore nav:open event fires and updates state 1`] = `
Array [
  "navstore:change",
]
`;

exports[`NavStore nav:open event fires and updates state 2`] = `
Array [
  Object {
    "action": "nav:open",
    "draftId": "mockDraftId",
    "eventVersion": "1.0.0",
    "visitId": undefined,
  },
]
`;

exports[`NavStore nav:open event fires and updates state 3`] = `
Object {
  "draftId": "mockDraftId",
  "isInitialized": true,
  "locked": "unchanged",
  "open": true,
}
`;

exports[`NavStore nav:openExternalLink fires event and opens a window 1`] = `
Array [
  "navstore:change",
]
`;

exports[`NavStore nav:prev changes page and posts event 1`] = `
Array [
  Object {
    "action": "nav:prev",
    "draftId": "mockDraftId",
    "eventVersion": "1.0.0",
    "payload": Object {
      "from": 7,
      "to": "mockPrev",
    },
    "visitId": undefined,
  },
]
`;

exports[`NavStore nav:prev does not change to invalid page 1`] = `undefined`;

exports[`NavStore nav:setFlag event updates state and calls trigger 1`] = `
Object {
  "isInitialized": true,
  "itemsById": Object {
    "fake": Object {
      "flags": Object {
        "spoof": undefined,
      },
      "id": "mock",
    },
  },
  "navTargetId": 7,
}
`;

exports[`NavStore nav:showChildren event fires and updates state 1`] = `
Array [
  "navstore:change",
]
`;

exports[`NavStore nav:showChildren event fires and updates state 2`] = `
Object {
  "isInitialized": true,
  "itemsById": Object {
    "mockID": Object {
      "showChildren": true,
    },
  },
}
`;

exports[`NavStore nav:toggle event fires and updates state 1`] = `
Array [
  "navstore:change",
]
`;

exports[`NavStore nav:toggle event fires and updates state 2`] = `
Array [
  Object {
    "action": "nav:open",
    "draftId": "mockDraftId",
    "eventVersion": "1.0.0",
    "visitId": undefined,
  },
]
`;

exports[`NavStore nav:toggle event fires and updates state 3`] = `
Object {
  "draftId": "mockDraftId",
  "isInitialized": true,
  "locked": "unchanged",
  "open": true,
}
`;

exports[`NavStore nav:unlock event fires and updates state 1`] = `
Array [
  "navstore:change",
]
`;

exports[`NavStore nav:unlock event fires and updates state 2`] = `
Array [
  Object {
    "action": "nav:unlock",
    "draftId": "mockDraftId",
    "eventVersion": "1.0.0",
    "visitId": undefined,
  },
]
`;

exports[`NavStore nav:unlock event fires and updates state 3`] = `
Object {
  "draftId": "mockDraftId",
  "isInitialized": true,
  "locked": false,
  "open": "unchanged",
}
`;

exports[`NavStore question:scoreSet does not set flag if question not found 1`] = `undefined`;

exports[`NavStore question:scoreSet sets flag with a score of 100 1`] = `
Array [
  "mockID",
  "correct",
  false,
]
`;

exports[`NavStore question:scoreSet sets flag with a score of 100 2`] = `
Array [
  "mockID",
  "correct",
  true,
]
`;
