// Jest Snapshot v1, https://goo.gl/fbAQLP

exports[`Spinner Spinner component 1`] = `
<div
  aria-label="Loading content"
  className="obojobo-draft--components--spinner"
>
  <div
    aria-hidden={true}
    className="spinner"
  >
    <svg
      preserveAspectRatio="xMidYMid"
      viewBox="0 0 100 100"
      xmlns="http://www.w3.org/2000/svg"
    >
      <circle
        cx="50"
        cy="50"
        fill="none"
        r="35"
        stroke="black"
        strokeDasharray="60 110"
        strokeWidth="10"
        transform="rotate(0.82332 50 50)"
      />
    </svg>
  </div>
</div>
`;
