// Jest Snapshot v1, https://goo.gl/fbAQLP

exports[`Line Editor Node Line builds the expected component 1`] = `
<span
  className="text align-left"
/>
`;
