// Jest Snapshot v1, https://goo.gl/fbAQLP

exports[`MCAssessment Editor Node MCAssessment builds the expected component 1`] = `
<div
  className="component obojobo-draft--chunks--mc-assessment editor--mc-assessment is-type-default"
>
  <div
    className="mc-settings"
    contentEditable={false}
  >
    <label>
      <span>
        Response Type
      </span>
      <select
        onChange={[Function]}
      >
        <option
          value="pick-one"
        >
          Pick one correct answer
        </option>
        <option
          value="pick-all"
        >
          Pick all correct answers
        </option>
      </select>
    </label>
    <div
      className="obojobo-draft--components--switch"
    >
      <div
        className="text-content"
      >
        <span
          contentEditable={false}
        >
          Shuffle Choices
        </span>
        <br />
        <small />
      </div>
      <label
        className="switch"
      >
        <input
          checked={false}
          className="switch-slider"
          onChange={[Function]}
          type="checkbox"
        />
        <div
          className="switch-slider round"
        />
      </label>
    </div>
  </div>
  <div
    className="choices-container"
  >
    <div
      className="obojobo-draft--chunks--mc-assessment--choice-button-container"
      contentEditable={false}
    >
      <div
        className="obojobo-draft--components--button is-not-dangerous align-center choice-button"
        contentEditable={false}
      >
        <button
          className="button"
          contentEditable={false}
          onClick={[Function]}
          type="button"
        >
          + Add possible answer
        </button>
      </div>
    </div>
  </div>
</div>
`;
