// Jest Snapshot v1, https://goo.gl/fbAQLP

exports[`YouTubeProperties modal Clicking on the clear times button collapses the UI and clears out times 1`] = `"<div class=\\"obojobo-draft--components--modal--simple-dialog\\"><div class=\\"obojobo-draft--components--modal--dialog \\" style=\\"width: 30rem;\\"><div class=\\"obojobo-draft--components--modal--modal\\" role=\\"dialog\\" aria-labelledby=\\"obojobo-draft--components--modal--modal--content\\"><input class=\\"first-tab\\" type=\\"text\\"><div class=\\"content\\" id=\\"obojobo-draft--components--modal--modal--content\\"><h1 class=\\"heading\\" style=\\"text-align: center;\\">YouTube Video</h1><div class=\\"dialog-content\\" style=\\"text-align: center;\\"><form class=\\"youtube-video-properties\\"><div class=\\"youtube-video-properties-input-wrapper\\"><label>YouTube video url or embed code:</label><div><div class=\\"obojobo-draft--components--more-info-button is-default-label is-mode-hidden\\"><button aria-label=\\"Click to explain youtube video options\\">?</button></div></div></div><input id=\\"obojobo-draft--chunks--youtube--video-url\\" type=\\"text\\" required=\\"\\" value=\\"http://youtu.be/dQw4w9WgXcQ\\"><div class=\\"obojobo-draft--components--button is-not-dangerous align-center edit-times-button show\\" contenteditable=\\"false\\"><button class=\\"button\\" contenteditable=\\"false\\">Set Start &amp; End Time...</button></div></form></div><div class=\\"controls\\"><div class=\\"obojobo-draft--components--button alt-action is-not-dangerous align-center\\" contenteditable=\\"false\\"><button class=\\"button\\" contenteditable=\\"false\\">Cancel</button></div><div class=\\"obojobo-draft--components--button is-not-dangerous align-center\\" contenteditable=\\"false\\"><button class=\\"button\\" contenteditable=\\"false\\" tabindex=\\"0\\">OK</button></div></div></div><input class=\\"last-tab\\" type=\\"text\\"></div></div></div>"`;

exports[`YouTubeProperties modal Clicking on the edit times button expands the UI 1`] = `"<div class=\\"obojobo-draft--components--modal--simple-dialog\\"><div class=\\"obojobo-draft--components--modal--dialog \\" style=\\"width: 30rem;\\"><div class=\\"obojobo-draft--components--modal--modal\\" role=\\"dialog\\" aria-labelledby=\\"obojobo-draft--components--modal--modal--content\\"><input class=\\"first-tab\\" type=\\"text\\"><div class=\\"content\\" id=\\"obojobo-draft--components--modal--modal--content\\"><h1 class=\\"heading\\" style=\\"text-align: center;\\">YouTube Video</h1><div class=\\"dialog-content\\" style=\\"text-align: center;\\"><form class=\\"youtube-video-properties\\"><div class=\\"youtube-video-properties-input-wrapper\\"><label>YouTube video url or embed code:</label><div><div class=\\"obojobo-draft--components--more-info-button is-default-label is-mode-hidden\\"><button aria-label=\\"Click to explain youtube video options\\">?</button></div></div></div><input id=\\"obojobo-draft--chunks--youtube--video-url\\" type=\\"text\\" required=\\"\\" value=\\"http://youtu.be/dQw4w9WgXcQ\\"><div class=\\"edit-times\\"><h2>Start &amp; End Times</h2><label>Start video at time (optional):</label><small>Seconds or MM:SS format (e.g. 135 or 2:15)</small><input id=\\"obojobo-draft--chunks--youtube--start-time\\" class=\\"time-input\\" type=\\"text\\" pattern=\\"([0-9]+:[0-9]+)|([0-9]+)\\" value=\\"\\"><label>End video at time (optional):</label><small>Seconds or MM:SS format (e.g. 135 or 2:15)</small><input id=\\"obojobo-draft--chunks--youtube--end-time\\" class=\\"time-input\\" type=\\"text\\" pattern=\\"([0-9]+:[0-9]+)|([0-9]+)\\" value=\\"\\"><div class=\\"obojobo-draft--components--button is-not-dangerous align-center edit-times-button hide\\" contenteditable=\\"false\\"><button class=\\"button\\" contenteditable=\\"false\\">Clear Start &amp; End Times</button></div></div></form></div><div class=\\"controls\\"><div class=\\"obojobo-draft--components--button alt-action is-not-dangerous align-center\\" contenteditable=\\"false\\"><button class=\\"button\\" contenteditable=\\"false\\">Cancel</button></div><div class=\\"obojobo-draft--components--button is-not-dangerous align-center\\" contenteditable=\\"false\\"><button class=\\"button\\" contenteditable=\\"false\\" tabindex=\\"0\\">OK</button></div></div></div><input class=\\"last-tab\\" type=\\"text\\"></div></div></div>"`;

exports[`YouTubeProperties modal Inputting a URL WITH start/end times (when start/end times are already defined) DOES CLEAR the start/end times 1`] = `"<div class=\\"obojobo-draft--components--modal--simple-dialog\\"><div class=\\"obojobo-draft--components--modal--dialog \\" style=\\"width: 30rem;\\"><div class=\\"obojobo-draft--components--modal--modal\\" role=\\"dialog\\" aria-labelledby=\\"obojobo-draft--components--modal--modal--content\\"><input class=\\"first-tab\\" type=\\"text\\"><div class=\\"content\\" id=\\"obojobo-draft--components--modal--modal--content\\"><h1 class=\\"heading\\" style=\\"text-align: center;\\">YouTube Video</h1><div class=\\"dialog-content\\" style=\\"text-align: center;\\"><form class=\\"youtube-video-properties\\"><div class=\\"youtube-video-properties-input-wrapper\\"><label>YouTube video url or embed code:</label><div><div class=\\"obojobo-draft--components--more-info-button is-default-label is-mode-hidden\\"><button aria-label=\\"Click to explain youtube video options\\">?</button></div></div></div><input id=\\"obojobo-draft--chunks--youtube--video-url\\" type=\\"text\\" required=\\"\\" value=\\"http://youtu.be/vnm4R3gg-io\\"><div class=\\"edit-times\\"><h2>Start &amp; End Times</h2><label>Start video at time (optional):</label><small>Seconds or MM:SS format (e.g. 135 or 2:15)</small><input id=\\"obojobo-draft--chunks--youtube--start-time\\" class=\\"time-input\\" type=\\"text\\" pattern=\\"([0-9]+:[0-9]+)|([0-9]+)\\" value=\\"1:02\\"><label>End video at time (optional):</label><small>Seconds or MM:SS format (e.g. 135 or 2:15)</small><input id=\\"obojobo-draft--chunks--youtube--end-time\\" class=\\"time-input\\" type=\\"text\\" pattern=\\"([0-9]+:[0-9]+)|([0-9]+)\\" value=\\"\\"><div class=\\"obojobo-draft--components--button is-not-dangerous align-center edit-times-button hide\\" contenteditable=\\"false\\"><button class=\\"button\\" contenteditable=\\"false\\">Clear Start &amp; End Times</button></div></div></form></div><div class=\\"controls\\"><div class=\\"obojobo-draft--components--button alt-action is-not-dangerous align-center\\" contenteditable=\\"false\\"><button class=\\"button\\" contenteditable=\\"false\\">Cancel</button></div><div class=\\"obojobo-draft--components--button is-not-dangerous align-center\\" contenteditable=\\"false\\"><button class=\\"button\\" contenteditable=\\"false\\" tabindex=\\"0\\">OK</button></div></div></div><input class=\\"last-tab\\" type=\\"text\\"></div></div></div>"`;

exports[`YouTubeProperties modal Inputting a URL and clicking OK calls onConfirm with expected values 1`] = `"<div class=\\"obojobo-draft--components--modal--simple-dialog\\"><div class=\\"obojobo-draft--components--modal--dialog \\" style=\\"width: 30rem;\\"><div class=\\"obojobo-draft--components--modal--modal\\" role=\\"dialog\\" aria-labelledby=\\"obojobo-draft--components--modal--modal--content\\"><input class=\\"first-tab\\" type=\\"text\\"><div class=\\"content\\" id=\\"obojobo-draft--components--modal--modal--content\\"><h1 class=\\"heading\\" style=\\"text-align: center;\\">YouTube Video</h1><div class=\\"dialog-content\\" style=\\"text-align: center;\\"><form class=\\"youtube-video-properties\\"><div class=\\"youtube-video-properties-input-wrapper\\"><label>YouTube video url or embed code:</label><div><div class=\\"obojobo-draft--components--more-info-button is-default-label is-mode-hidden\\"><button aria-label=\\"Click to explain youtube video options\\">?</button></div></div></div><input id=\\"obojobo-draft--chunks--youtube--video-url\\" type=\\"text\\" required=\\"\\" value=\\"http://youtu.be/mockVideoId\\"><div class=\\"obojobo-draft--components--button is-not-dangerous align-center edit-times-button show\\" contenteditable=\\"false\\"><button class=\\"button\\" contenteditable=\\"false\\">Set Start &amp; End Time...</button></div></form></div><div class=\\"controls\\"><div class=\\"obojobo-draft--components--button alt-action is-not-dangerous align-center\\" contenteditable=\\"false\\"><button class=\\"button\\" contenteditable=\\"false\\">Cancel</button></div><div class=\\"obojobo-draft--components--button is-not-dangerous align-center\\" contenteditable=\\"false\\"><button class=\\"button\\" contenteditable=\\"false\\" tabindex=\\"0\\">OK</button></div></div></div><input class=\\"last-tab\\" type=\\"text\\"></div></div></div>"`;

exports[`YouTubeProperties modal Inputting a URL with end times and clicking OK calls onConfirm with expected values 1`] = `"<div class=\\"obojobo-draft--components--modal--simple-dialog\\"><div class=\\"obojobo-draft--components--modal--dialog \\" style=\\"width: 30rem;\\"><div class=\\"obojobo-draft--components--modal--modal\\" role=\\"dialog\\" aria-labelledby=\\"obojobo-draft--components--modal--modal--content\\"><input class=\\"first-tab\\" type=\\"text\\"><div class=\\"content\\" id=\\"obojobo-draft--components--modal--modal--content\\"><h1 class=\\"heading\\" style=\\"text-align: center;\\">YouTube Video</h1><div class=\\"dialog-content\\" style=\\"text-align: center;\\"><form class=\\"youtube-video-properties\\"><div class=\\"youtube-video-properties-input-wrapper\\"><label>YouTube video url or embed code:</label><div><div class=\\"obojobo-draft--components--more-info-button is-default-label is-mode-hidden\\"><button aria-label=\\"Click to explain youtube video options\\">?</button></div></div></div><input id=\\"obojobo-draft--chunks--youtube--video-url\\" type=\\"text\\" required=\\"\\" value=\\"http://youtu.be/dQw4w9WgXcQ\\"><div class=\\"edit-times\\"><h2>Start &amp; End Times</h2><label>Start video at time (optional):</label><small>Seconds or MM:SS format (e.g. 135 or 2:15)</small><input id=\\"obojobo-draft--chunks--youtube--start-time\\" class=\\"time-input\\" type=\\"text\\" pattern=\\"([0-9]+:[0-9]+)|([0-9]+)\\" value=\\"\\"><label>End video at time (optional):</label><small>Seconds or MM:SS format (e.g. 135 or 2:15)</small><input id=\\"obojobo-draft--chunks--youtube--end-time\\" class=\\"time-input\\" type=\\"text\\" pattern=\\"([0-9]+:[0-9]+)|([0-9]+)\\" value=\\"1:39\\"><div class=\\"obojobo-draft--components--button is-not-dangerous align-center edit-times-button hide\\" contenteditable=\\"false\\"><button class=\\"button\\" contenteditable=\\"false\\">Clear Start &amp; End Times</button></div></div></form></div><div class=\\"controls\\"><div class=\\"obojobo-draft--components--button alt-action is-not-dangerous align-center\\" contenteditable=\\"false\\"><button class=\\"button\\" contenteditable=\\"false\\">Cancel</button></div><div class=\\"obojobo-draft--components--button is-not-dangerous align-center\\" contenteditable=\\"false\\"><button class=\\"button\\" contenteditable=\\"false\\" tabindex=\\"0\\">OK</button></div></div></div><input class=\\"last-tab\\" type=\\"text\\"></div></div></div>"`;

exports[`YouTubeProperties modal Inputting a URL with start and end times and clicking OK calls onConfirm with expected values 1`] = `"<div class=\\"obojobo-draft--components--modal--simple-dialog\\"><div class=\\"obojobo-draft--components--modal--dialog \\" style=\\"width: 30rem;\\"><div class=\\"obojobo-draft--components--modal--modal\\" role=\\"dialog\\" aria-labelledby=\\"obojobo-draft--components--modal--modal--content\\"><input class=\\"first-tab\\" type=\\"text\\"><div class=\\"content\\" id=\\"obojobo-draft--components--modal--modal--content\\"><h1 class=\\"heading\\" style=\\"text-align: center;\\">YouTube Video</h1><div class=\\"dialog-content\\" style=\\"text-align: center;\\"><form class=\\"youtube-video-properties\\"><div class=\\"youtube-video-properties-input-wrapper\\"><label>YouTube video url or embed code:</label><div><div class=\\"obojobo-draft--components--more-info-button is-default-label is-mode-hidden\\"><button aria-label=\\"Click to explain youtube video options\\">?</button></div></div></div><input id=\\"obojobo-draft--chunks--youtube--video-url\\" type=\\"text\\" required=\\"\\" value=\\"http://youtu.be/dQw4w9WgXcQ\\"><div class=\\"edit-times\\"><h2>Start &amp; End Times</h2><label>Start video at time (optional):</label><small>Seconds or MM:SS format (e.g. 135 or 2:15)</small><input id=\\"obojobo-draft--chunks--youtube--start-time\\" class=\\"time-input\\" type=\\"text\\" pattern=\\"([0-9]+:[0-9]+)|([0-9]+)\\" value=\\"0:12\\"><label>End video at time (optional):</label><small>Seconds or MM:SS format (e.g. 135 or 2:15)</small><input id=\\"obojobo-draft--chunks--youtube--end-time\\" class=\\"time-input\\" type=\\"text\\" pattern=\\"([0-9]+:[0-9]+)|([0-9]+)\\" value=\\"1:39\\"><div class=\\"obojobo-draft--components--button is-not-dangerous align-center edit-times-button hide\\" contenteditable=\\"false\\"><button class=\\"button\\" contenteditable=\\"false\\">Clear Start &amp; End Times</button></div></div></form></div><div class=\\"controls\\"><div class=\\"obojobo-draft--components--button alt-action is-not-dangerous align-center\\" contenteditable=\\"false\\"><button class=\\"button\\" contenteditable=\\"false\\">Cancel</button></div><div class=\\"obojobo-draft--components--button is-not-dangerous align-center\\" contenteditable=\\"false\\"><button class=\\"button\\" contenteditable=\\"false\\" tabindex=\\"0\\">OK</button></div></div></div><input class=\\"last-tab\\" type=\\"text\\"></div></div></div>"`;

exports[`YouTubeProperties modal Inputting a URL with start times and clicking OK calls onConfirm with expected values 1`] = `"<div class=\\"obojobo-draft--components--modal--simple-dialog\\"><div class=\\"obojobo-draft--components--modal--dialog \\" style=\\"width: 30rem;\\"><div class=\\"obojobo-draft--components--modal--modal\\" role=\\"dialog\\" aria-labelledby=\\"obojobo-draft--components--modal--modal--content\\"><input class=\\"first-tab\\" type=\\"text\\"><div class=\\"content\\" id=\\"obojobo-draft--components--modal--modal--content\\"><h1 class=\\"heading\\" style=\\"text-align: center;\\">YouTube Video</h1><div class=\\"dialog-content\\" style=\\"text-align: center;\\"><form class=\\"youtube-video-properties\\"><div class=\\"youtube-video-properties-input-wrapper\\"><label>YouTube video url or embed code:</label><div><div class=\\"obojobo-draft--components--more-info-button is-default-label is-mode-hidden\\"><button aria-label=\\"Click to explain youtube video options\\">?</button></div></div></div><input id=\\"obojobo-draft--chunks--youtube--video-url\\" type=\\"text\\" required=\\"\\" value=\\"http://youtu.be/dQw4w9WgXcQ\\"><div class=\\"edit-times\\"><h2>Start &amp; End Times</h2><label>Start video at time (optional):</label><small>Seconds or MM:SS format (e.g. 135 or 2:15)</small><input id=\\"obojobo-draft--chunks--youtube--start-time\\" class=\\"time-input\\" type=\\"text\\" pattern=\\"([0-9]+:[0-9]+)|([0-9]+)\\" value=\\"0:12\\"><label>End video at time (optional):</label><small>Seconds or MM:SS format (e.g. 135 or 2:15)</small><input id=\\"obojobo-draft--chunks--youtube--end-time\\" class=\\"time-input\\" type=\\"text\\" pattern=\\"([0-9]+:[0-9]+)|([0-9]+)\\" value=\\"\\"><div class=\\"obojobo-draft--components--button is-not-dangerous align-center edit-times-button hide\\" contenteditable=\\"false\\"><button class=\\"button\\" contenteditable=\\"false\\">Clear Start &amp; End Times</button></div></div></form></div><div class=\\"controls\\"><div class=\\"obojobo-draft--components--button alt-action is-not-dangerous align-center\\" contenteditable=\\"false\\"><button class=\\"button\\" contenteditable=\\"false\\">Cancel</button></div><div class=\\"obojobo-draft--components--button is-not-dangerous align-center\\" contenteditable=\\"false\\"><button class=\\"button\\" contenteditable=\\"false\\" tabindex=\\"0\\">OK</button></div></div></div><input class=\\"last-tab\\" type=\\"text\\"></div></div></div>"`;

exports[`YouTubeProperties modal Inputting a URL without start/end times (when start/end times are already defined) does not clear or modify the start/end times 1`] = `"<div class=\\"obojobo-draft--components--modal--simple-dialog\\"><div class=\\"obojobo-draft--components--modal--dialog \\" style=\\"width: 30rem;\\"><div class=\\"obojobo-draft--components--modal--modal\\" role=\\"dialog\\" aria-labelledby=\\"obojobo-draft--components--modal--modal--content\\"><input class=\\"first-tab\\" type=\\"text\\"><div class=\\"content\\" id=\\"obojobo-draft--components--modal--modal--content\\"><h1 class=\\"heading\\" style=\\"text-align: center;\\">YouTube Video</h1><div class=\\"dialog-content\\" style=\\"text-align: center;\\"><form class=\\"youtube-video-properties\\"><div class=\\"youtube-video-properties-input-wrapper\\"><label>YouTube video url or embed code:</label><div><div class=\\"obojobo-draft--components--more-info-button is-default-label is-mode-hidden\\"><button aria-label=\\"Click to explain youtube video options\\">?</button></div></div></div><input id=\\"obojobo-draft--chunks--youtube--video-url\\" type=\\"text\\" required=\\"\\" value=\\"http://youtu.be/vnm4R3gg-io\\"><div class=\\"edit-times\\"><h2>Start &amp; End Times</h2><label>Start video at time (optional):</label><small>Seconds or MM:SS format (e.g. 135 or 2:15)</small><input id=\\"obojobo-draft--chunks--youtube--start-time\\" class=\\"time-input\\" type=\\"text\\" pattern=\\"([0-9]+:[0-9]+)|([0-9]+)\\" value=\\"0:10\\"><label>End video at time (optional):</label><small>Seconds or MM:SS format (e.g. 135 or 2:15)</small><input id=\\"obojobo-draft--chunks--youtube--end-time\\" class=\\"time-input\\" type=\\"text\\" pattern=\\"([0-9]+:[0-9]+)|([0-9]+)\\" value=\\"0:20\\"><div class=\\"obojobo-draft--components--button is-not-dangerous align-center edit-times-button hide\\" contenteditable=\\"false\\"><button class=\\"button\\" contenteditable=\\"false\\">Clear Start &amp; End Times</button></div></div></form></div><div class=\\"controls\\"><div class=\\"obojobo-draft--components--button alt-action is-not-dangerous align-center\\" contenteditable=\\"false\\"><button class=\\"button\\" contenteditable=\\"false\\">Cancel</button></div><div class=\\"obojobo-draft--components--button is-not-dangerous align-center\\" contenteditable=\\"false\\"><button class=\\"button\\" contenteditable=\\"false\\" tabindex=\\"0\\">OK</button></div></div></div><input class=\\"last-tab\\" type=\\"text\\"></div></div></div>"`;

exports[`YouTubeProperties modal Inputting a video ID and clicking OK calls onConfirm with expected values 1`] = `"<div class=\\"obojobo-draft--components--modal--simple-dialog\\"><div class=\\"obojobo-draft--components--modal--dialog \\" style=\\"width: 30rem;\\"><div class=\\"obojobo-draft--components--modal--modal\\" role=\\"dialog\\" aria-labelledby=\\"obojobo-draft--components--modal--modal--content\\"><input class=\\"first-tab\\" type=\\"text\\"><div class=\\"content\\" id=\\"obojobo-draft--components--modal--modal--content\\"><h1 class=\\"heading\\" style=\\"text-align: center;\\">YouTube Video</h1><div class=\\"dialog-content\\" style=\\"text-align: center;\\"><form class=\\"youtube-video-properties\\"><div class=\\"youtube-video-properties-input-wrapper\\"><label>YouTube video url or embed code:</label><div><div class=\\"obojobo-draft--components--more-info-button is-default-label is-mode-hidden\\"><button aria-label=\\"Click to explain youtube video options\\">?</button></div></div></div><input id=\\"obojobo-draft--chunks--youtube--video-url\\" type=\\"text\\" required=\\"\\" value=\\"http://youtu.be/dQw4w9WgXcQ\\"><div class=\\"obojobo-draft--components--button is-not-dangerous align-center edit-times-button show\\" contenteditable=\\"false\\"><button class=\\"button\\" contenteditable=\\"false\\">Set Start &amp; End Time...</button></div></form></div><div class=\\"controls\\"><div class=\\"obojobo-draft--components--button alt-action is-not-dangerous align-center\\" contenteditable=\\"false\\"><button class=\\"button\\" contenteditable=\\"false\\">Cancel</button></div><div class=\\"obojobo-draft--components--button is-not-dangerous align-center\\" contenteditable=\\"false\\"><button class=\\"button\\" contenteditable=\\"false\\" tabindex=\\"0\\">OK</button></div></div></div><input class=\\"last-tab\\" type=\\"text\\"></div></div></div>"`;

exports[`YouTubeProperties modal Inputting an embed code and clicking OK calls onConfirm with expected values 1`] = `"<div class=\\"obojobo-draft--components--modal--simple-dialog\\"><div class=\\"obojobo-draft--components--modal--dialog \\" style=\\"width: 30rem;\\"><div class=\\"obojobo-draft--components--modal--modal\\" role=\\"dialog\\" aria-labelledby=\\"obojobo-draft--components--modal--modal--content\\"><input class=\\"first-tab\\" type=\\"text\\"><div class=\\"content\\" id=\\"obojobo-draft--components--modal--modal--content\\"><h1 class=\\"heading\\" style=\\"text-align: center;\\">YouTube Video</h1><div class=\\"dialog-content\\" style=\\"text-align: center;\\"><form class=\\"youtube-video-properties\\"><div class=\\"youtube-video-properties-input-wrapper\\"><label>YouTube video url or embed code:</label><div><div class=\\"obojobo-draft--components--more-info-button is-default-label is-mode-hidden\\"><button aria-label=\\"Click to explain youtube video options\\">?</button></div></div></div><input id=\\"obojobo-draft--chunks--youtube--video-url\\" type=\\"text\\" required=\\"\\" value=\\"http://youtu.be/dQw4w9WgXcQ\\"><div class=\\"obojobo-draft--components--button is-not-dangerous align-center edit-times-button show\\" contenteditable=\\"false\\"><button class=\\"button\\" contenteditable=\\"false\\">Set Start &amp; End Time...</button></div></form></div><div class=\\"controls\\"><div class=\\"obojobo-draft--components--button alt-action is-not-dangerous align-center\\" contenteditable=\\"false\\"><button class=\\"button\\" contenteditable=\\"false\\">Cancel</button></div><div class=\\"obojobo-draft--components--button is-not-dangerous align-center\\" contenteditable=\\"false\\"><button class=\\"button\\" contenteditable=\\"false\\" tabindex=\\"0\\">OK</button></div></div></div><input class=\\"last-tab\\" type=\\"text\\"></div></div></div>"`;

exports[`YouTubeProperties modal Inputting times in MM:SS format works fine 1`] = `"<div class=\\"obojobo-draft--components--modal--simple-dialog\\"><div class=\\"obojobo-draft--components--modal--dialog \\" style=\\"width: 30rem;\\"><div class=\\"obojobo-draft--components--modal--modal\\" role=\\"dialog\\" aria-labelledby=\\"obojobo-draft--components--modal--modal--content\\"><input class=\\"first-tab\\" type=\\"text\\"><div class=\\"content\\" id=\\"obojobo-draft--components--modal--modal--content\\"><h1 class=\\"heading\\" style=\\"text-align: center;\\">YouTube Video</h1><div class=\\"dialog-content\\" style=\\"text-align: center;\\"><form class=\\"youtube-video-properties\\"><div class=\\"youtube-video-properties-input-wrapper\\"><label>YouTube video url or embed code:</label><div><div class=\\"obojobo-draft--components--more-info-button is-default-label is-mode-hidden\\"><button aria-label=\\"Click to explain youtube video options\\">?</button></div></div></div><input id=\\"obojobo-draft--chunks--youtube--video-url\\" type=\\"text\\" required=\\"\\" value=\\"http://youtu.be/dQw4w9WgXcQ\\"><div class=\\"edit-times\\"><h2>Start &amp; End Times</h2><label>Start video at time (optional):</label><small>Seconds or MM:SS format (e.g. 135 or 2:15)</small><input id=\\"obojobo-draft--chunks--youtube--start-time\\" class=\\"time-input\\" type=\\"text\\" pattern=\\"([0-9]+:[0-9]+)|([0-9]+)\\" value=\\"1:23\\"><label>End video at time (optional):</label><small>Seconds or MM:SS format (e.g. 135 or 2:15)</small><input id=\\"obojobo-draft--chunks--youtube--end-time\\" class=\\"time-input\\" type=\\"text\\" pattern=\\"([0-9]+:[0-9]+)|([0-9]+)\\" value=\\"3:20\\"><div class=\\"obojobo-draft--components--button is-not-dangerous align-center edit-times-button hide\\" contenteditable=\\"false\\"><button class=\\"button\\" contenteditable=\\"false\\">Clear Start &amp; End Times</button></div></div></form></div><div class=\\"controls\\"><div class=\\"obojobo-draft--components--button alt-action is-not-dangerous align-center\\" contenteditable=\\"false\\"><button class=\\"button\\" contenteditable=\\"false\\">Cancel</button></div><div class=\\"obojobo-draft--components--button is-not-dangerous align-center\\" contenteditable=\\"false\\"><button class=\\"button\\" contenteditable=\\"false\\" tabindex=\\"0\\">OK</button></div></div></div><input class=\\"last-tab\\" type=\\"text\\"></div></div></div>"`;

exports[`YouTubeProperties modal Pasting a URL and clicking OK calls onConfirm with expected values 1`] = `"<div class=\\"obojobo-draft--components--modal--simple-dialog\\"><div class=\\"obojobo-draft--components--modal--dialog \\" style=\\"width: 30rem;\\"><div class=\\"obojobo-draft--components--modal--modal\\" role=\\"dialog\\" aria-labelledby=\\"obojobo-draft--components--modal--modal--content\\"><input class=\\"first-tab\\" type=\\"text\\"><div class=\\"content\\" id=\\"obojobo-draft--components--modal--modal--content\\"><h1 class=\\"heading\\" style=\\"text-align: center;\\">YouTube Video</h1><div class=\\"dialog-content\\" style=\\"text-align: center;\\"><form class=\\"youtube-video-properties\\"><div class=\\"youtube-video-properties-input-wrapper\\"><label>YouTube video url or embed code:</label><div><div class=\\"obojobo-draft--components--more-info-button is-default-label is-mode-hidden\\"><button aria-label=\\"Click to explain youtube video options\\">?</button></div></div></div><input id=\\"obojobo-draft--chunks--youtube--video-url\\" type=\\"text\\" required=\\"\\" value=\\"http://youtu.be/mockVideoId\\"><div class=\\"obojobo-draft--components--button is-not-dangerous align-center edit-times-button show\\" contenteditable=\\"false\\"><button class=\\"button\\" contenteditable=\\"false\\">Set Start &amp; End Time...</button></div></form></div><div class=\\"controls\\"><div class=\\"obojobo-draft--components--button alt-action is-not-dangerous align-center\\" contenteditable=\\"false\\"><button class=\\"button\\" contenteditable=\\"false\\">Cancel</button></div><div class=\\"obojobo-draft--components--button is-not-dangerous align-center\\" contenteditable=\\"false\\"><button class=\\"button\\" contenteditable=\\"false\\" tabindex=\\"0\\">OK</button></div></div></div><input class=\\"last-tab\\" type=\\"text\\"></div></div></div>"`;

exports[`YouTubeProperties modal YouTubeProperties component focuses on first element 1`] = `"<div class=\\"obojobo-draft--components--modal--simple-dialog\\"><div class=\\"obojobo-draft--components--modal--dialog \\" style=\\"width: 30rem;\\"><div class=\\"obojobo-draft--components--modal--modal\\" role=\\"dialog\\" aria-labelledby=\\"obojobo-draft--components--modal--modal--content\\"><input class=\\"first-tab\\" type=\\"text\\"><div class=\\"content\\" id=\\"obojobo-draft--components--modal--modal--content\\"><h1 class=\\"heading\\" style=\\"text-align: center;\\">YouTube Video</h1><div class=\\"dialog-content\\" style=\\"text-align: center;\\"><form class=\\"youtube-video-properties\\"><div class=\\"youtube-video-properties-input-wrapper\\"><label>YouTube video url or embed code:</label><div><div class=\\"obojobo-draft--components--more-info-button is-default-label is-mode-hidden\\"><button aria-label=\\"Click to explain youtube video options\\">?</button></div></div></div><input id=\\"obojobo-draft--chunks--youtube--video-url\\" type=\\"text\\" required=\\"\\" value=\\"\\"><div class=\\"obojobo-draft--components--button is-not-dangerous align-center edit-times-button show\\" contenteditable=\\"false\\"><button class=\\"button\\" contenteditable=\\"false\\">Set Start &amp; End Time...</button></div></form></div><div class=\\"controls\\"><div class=\\"obojobo-draft--components--button alt-action is-not-dangerous align-center\\" contenteditable=\\"false\\"><button class=\\"button\\" contenteditable=\\"false\\">Cancel</button></div><div class=\\"obojobo-draft--components--button is-not-dangerous align-center\\" contenteditable=\\"false\\"><button class=\\"button\\" contenteditable=\\"false\\" tabindex=\\"0\\">OK</button></div></div></div><input class=\\"last-tab\\" type=\\"text\\"></div></div></div>"`;

exports[`YouTubeProperties modal YouTubeProperties component renders correctly 1`] = `"<div class=\\"obojobo-draft--components--modal--simple-dialog\\"><div class=\\"obojobo-draft--components--modal--dialog \\" style=\\"width: 30rem;\\"><div class=\\"obojobo-draft--components--modal--modal\\" role=\\"dialog\\" aria-labelledby=\\"obojobo-draft--components--modal--modal--content\\"><input class=\\"first-tab\\" type=\\"text\\"><div class=\\"content\\" id=\\"obojobo-draft--components--modal--modal--content\\"><h1 class=\\"heading\\" style=\\"text-align: center;\\">YouTube Video</h1><div class=\\"dialog-content\\" style=\\"text-align: center;\\"><form class=\\"youtube-video-properties\\"><div class=\\"youtube-video-properties-input-wrapper\\"><label>YouTube video url or embed code:</label><div><div class=\\"obojobo-draft--components--more-info-button is-default-label is-mode-hidden\\"><button aria-label=\\"Click to explain youtube video options\\">?</button></div></div></div><input id=\\"obojobo-draft--chunks--youtube--video-url\\" type=\\"text\\" required=\\"\\" value=\\"\\"><div class=\\"obojobo-draft--components--button is-not-dangerous align-center edit-times-button show\\" contenteditable=\\"false\\"><button class=\\"button\\" contenteditable=\\"false\\">Set Start &amp; End Time...</button></div></form></div><div class=\\"controls\\"><div class=\\"obojobo-draft--components--button alt-action is-not-dangerous align-center\\" contenteditable=\\"false\\"><button class=\\"button\\" contenteditable=\\"false\\">Cancel</button></div><div class=\\"obojobo-draft--components--button is-not-dangerous align-center\\" contenteditable=\\"false\\"><button class=\\"button\\" contenteditable=\\"false\\" tabindex=\\"0\\">OK</button></div></div></div><input class=\\"last-tab\\" type=\\"text\\"></div></div></div>"`;

exports[`YouTubeProperties modal YouTubeProperties component with values renders correctly 1`] = `"<div class=\\"obojobo-draft--components--modal--simple-dialog\\"><div class=\\"obojobo-draft--components--modal--dialog \\" style=\\"width: 30rem;\\"><div class=\\"obojobo-draft--components--modal--modal\\" role=\\"dialog\\" aria-labelledby=\\"obojobo-draft--components--modal--modal--content\\"><input class=\\"first-tab\\" type=\\"text\\"><div class=\\"content\\" id=\\"obojobo-draft--components--modal--modal--content\\"><h1 class=\\"heading\\" style=\\"text-align: center;\\">YouTube Video</h1><div class=\\"dialog-content\\" style=\\"text-align: center;\\"><form class=\\"youtube-video-properties\\"><div class=\\"youtube-video-properties-input-wrapper\\"><label>YouTube video url or embed code:</label><div><div class=\\"obojobo-draft--components--more-info-button is-default-label is-mode-hidden\\"><button aria-label=\\"Click to explain youtube video options\\">?</button></div></div></div><input id=\\"obojobo-draft--chunks--youtube--video-url\\" type=\\"text\\" required=\\"\\" value=\\"http://youtu.be/mock-id\\"><div class=\\"edit-times\\"><h2>Start &amp; End Times</h2><label>Start video at time (optional):</label><small>Seconds or MM:SS format (e.g. 135 or 2:15)</small><input id=\\"obojobo-draft--chunks--youtube--start-time\\" class=\\"time-input\\" type=\\"text\\" pattern=\\"([0-9]+:[0-9]+)|([0-9]+)\\" value=\\"0:10\\"><label>End video at time (optional):</label><small>Seconds or MM:SS format (e.g. 135 or 2:15)</small><input id=\\"obojobo-draft--chunks--youtube--end-time\\" class=\\"time-input\\" type=\\"text\\" pattern=\\"([0-9]+:[0-9]+)|([0-9]+)\\" value=\\"0:20\\"><div class=\\"obojobo-draft--components--button is-not-dangerous align-center edit-times-button hide\\" contenteditable=\\"false\\"><button class=\\"button\\" contenteditable=\\"false\\">Clear Start &amp; End Times</button></div></div></form></div><div class=\\"controls\\"><div class=\\"obojobo-draft--components--button alt-action is-not-dangerous align-center\\" contenteditable=\\"false\\"><button class=\\"button\\" contenteditable=\\"false\\">Cancel</button></div><div class=\\"obojobo-draft--components--button is-not-dangerous align-center\\" contenteditable=\\"false\\"><button class=\\"button\\" contenteditable=\\"false\\" tabindex=\\"0\\">OK</button></div></div></div><input class=\\"last-tab\\" type=\\"text\\"></div></div></div>"`;
