// Jest Snapshot v1, https://goo.gl/fbAQLP

exports[`ErrorDialog ErrorDialog component 1`] = `
<div
  className="obojobo-draft--components--modal--error-dialog"
>
  <div
    className="obojobo-draft--components--modal--simple-dialog"
  >
    <div
      className="obojobo-draft--components--modal--dialog "
      style={null}
    >
      <div
        aria-labelledby="obojobo-draft--components--modal--modal--content"
        className="obojobo-draft--components--modal--modal"
        role="dialog"
      >
        <input
          className="first-tab"
          onFocus={[Function]}
          type="text"
        />
        <div
          className="obojobo-draft--components--delete-button"
        >
          <button
            onClick={[Function]}
          >
            Delete
          </button>
        </div>
        <div
          className="content"
          id="obojobo-draft--components--modal--modal--content"
        >
          <h1
            className="heading"
            style={
              Object {
                "textAlign": "center",
              }
            }
          >
            Title
          </h1>
          <div
            className="dialog-content"
            style={
              Object {
                "textAlign": "center",
              }
            }
          >
            Content
          </div>
          <div
            className="controls"
          >
            <div
              className="obojobo-draft--components--button is-not-dangerous align-center"
              contentEditable={false}
            >
              <button
                className="button"
                contentEditable={false}
                onClick={[Function]}
              >
                OK
              </button>
            </div>
          </div>
        </div>
        <input
          className="last-tab"
          onFocus={[Function]}
          type="text"
        />
      </div>
    </div>
  </div>
</div>
`;
