// Jest Snapshot v1, https://goo.gl/fbAQLP

exports[`Prompt Modal Prompt component 1`] = `"<div class=\\"obojobo-draft--components--modal--simple-dialog\\"><div class=\\"obojobo-draft--components--modal--dialog \\"><div class=\\"obojobo-draft--components--modal--modal\\" role=\\"dialog\\" aria-labelledby=\\"obojobo-draft--components--modal--modal--content\\"><input class=\\"first-tab\\" type=\\"text\\"><div class=\\"obojobo-draft--components--delete-button\\"><button>Delete</button></div><div class=\\"content\\" id=\\"obojobo-draft--components--modal--modal--content\\"><div class=\\"dialog-content\\" style=\\"text-align: center;\\"><div class=\\"prompt\\"><label for=\\"common--components--modal--prompt--input\\"></label><input type=\\"text\\" id=\\"common--components--modal--prompt--input\\" size=\\"50\\" value=\\"\\"></div></div><div class=\\"controls\\"><div class=\\"obojobo-draft--components--button alt-action is-not-dangerous align-center\\" contenteditable=\\"false\\"><button class=\\"button\\" contenteditable=\\"false\\">Cancel</button></div><div class=\\"obojobo-draft--components--button is-not-dangerous align-center\\" contenteditable=\\"false\\"><button class=\\"button\\" contenteditable=\\"false\\" tabindex=\\"0\\">OK</button></div></div></div><input class=\\"last-tab\\" type=\\"text\\"></div></div></div>"`;

exports[`Prompt Modal Prompt component changes value 1`] = `"<div class=\\"obojobo-draft--components--modal--simple-dialog\\"><div class=\\"obojobo-draft--components--modal--dialog \\"><div class=\\"obojobo-draft--components--modal--modal\\" role=\\"dialog\\" aria-labelledby=\\"obojobo-draft--components--modal--modal--content\\"><input class=\\"first-tab\\" type=\\"text\\"><div class=\\"obojobo-draft--components--delete-button\\"><button>Delete</button></div><div class=\\"content\\" id=\\"obojobo-draft--components--modal--modal--content\\"><div class=\\"dialog-content\\" style=\\"text-align: center;\\"><div class=\\"prompt\\"><label for=\\"common--components--modal--prompt--input\\"></label><input type=\\"text\\" id=\\"common--components--modal--prompt--input\\" size=\\"50\\" value=\\"changed\\"></div></div><div class=\\"controls\\"><div class=\\"obojobo-draft--components--button alt-action is-not-dangerous align-center\\" contenteditable=\\"false\\"><button class=\\"button\\" contenteditable=\\"false\\">Cancel</button></div><div class=\\"obojobo-draft--components--button is-not-dangerous align-center\\" contenteditable=\\"false\\"><button class=\\"button\\" contenteditable=\\"false\\" tabindex=\\"0\\">OK</button></div></div></div><input class=\\"last-tab\\" type=\\"text\\"></div></div></div>"`;

exports[`Prompt Modal Prompt component focuses on first element 1`] = `"<div class=\\"obojobo-draft--components--modal--simple-dialog\\"><div class=\\"obojobo-draft--components--modal--dialog \\"><div class=\\"obojobo-draft--components--modal--modal\\" role=\\"dialog\\" aria-labelledby=\\"obojobo-draft--components--modal--modal--content\\"><input class=\\"first-tab\\" type=\\"text\\"><div class=\\"obojobo-draft--components--delete-button\\"><button>Delete</button></div><div class=\\"content\\" id=\\"obojobo-draft--components--modal--modal--content\\"><div class=\\"dialog-content\\" style=\\"text-align: center;\\"><div class=\\"prompt\\"><label for=\\"common--components--modal--prompt--input\\"></label><input type=\\"text\\" id=\\"common--components--modal--prompt--input\\" size=\\"50\\" value=\\"\\"></div></div><div class=\\"controls\\"><div class=\\"obojobo-draft--components--button alt-action is-not-dangerous align-center\\" contenteditable=\\"false\\"><button class=\\"button\\" contenteditable=\\"false\\">Cancel</button></div><div class=\\"obojobo-draft--components--button is-not-dangerous align-center\\" contenteditable=\\"false\\"><button class=\\"button\\" contenteditable=\\"false\\" tabindex=\\"0\\">OK</button></div></div></div><input class=\\"last-tab\\" type=\\"text\\"></div></div></div>"`;
