// Jest Snapshot v1, https://goo.gl/fbAQLP

exports[`Choose Image Modal ChooseImageModal component 1`] = `"<div class=\\"obojobo-draft--components--modal--simple-dialog\\"><div class=\\"obojobo-draft--components--modal--dialog \\"><div class=\\"obojobo-draft--components--modal--modal\\" role=\\"dialog\\" aria-labelledby=\\"obojobo-draft--components--modal--modal--content\\"><input class=\\"first-tab\\" type=\\"text\\"><div class=\\"obojobo-draft--components--delete-button\\"><button>Delete</button></div><div class=\\"content\\" id=\\"obojobo-draft--components--modal--modal--content\\"><h1 class=\\"heading\\" style=\\"text-align: center;\\">Upload or Choose an Image</h1><div class=\\"dialog-content\\" style=\\"text-align: center;\\"><div class=\\"choose-image\\"><div class=\\"choose-image--image-controls\\"><div class=\\"choose-image--image-controls--upload\\"><input type=\\"file\\" name=\\"fileupload\\" id=\\"fileupload\\" class=\\"inputfile\\" tabindex=\\"-1\\"><label for=\\"fileupload\\"><span role=\\"button\\" aria-controls=\\"filename\\" tabindex=\\"0\\">Upload New Image</span></label></div><p class=\\"choose-image--image-controls--or\\">or</p><input id=\\"choose-image--image-controls--url\\" type=\\"text\\" placeholder=\\"Enter image URL\\" tabindex=\\"0\\" aria-label=\\"Enter image URL\\" value=\\"\\"></div><div class=\\"choose-image--divider\\"></div><small>Your Recently Uploaded Images</small><div class=\\"choose-image--image-gallary\\" aria-live=\\"polite\\" aria-atomic=\\"true\\" aria-label=\\"1 Recent Images loaded with more\\"><img tabindex=\\"0\\" class=\\"image-gallary--single-photo\\" id=\\"1\\" src=\\"/api/media/1/small\\" role=\\"button\\" alt=\\"Select image 1: file-name-1\\"><div class=\\"obojobo-draft--components--button alt-action is-not-dangerous align-center\\"><button class=\\"choose-image--image-gallary--view-more-btn button\\" tabindex=\\"0\\" aria-label=\\"Load more images\\">Load More...</button></div></div></div></div><div class=\\"controls\\"><div class=\\"obojobo-draft--components--button alt-action is-not-dangerous align-center\\" contenteditable=\\"false\\"><button class=\\"button\\" contenteditable=\\"false\\">Cancel</button></div><div class=\\"obojobo-draft--components--button is-not-dangerous align-center\\" contenteditable=\\"false\\"><button class=\\"button\\" contenteditable=\\"false\\" tabindex=\\"0\\">OK</button></div></div></div><input class=\\"last-tab\\" type=\\"text\\"></div></div></div>"`;

exports[`Choose Image Modal ChooseImageModal component focuses on first element 1`] = `"<div class=\\"obojobo-draft--components--modal--simple-dialog\\"><div class=\\"obojobo-draft--components--modal--dialog \\"><div class=\\"obojobo-draft--components--modal--modal\\" role=\\"dialog\\" aria-labelledby=\\"obojobo-draft--components--modal--modal--content\\"><input class=\\"first-tab\\" type=\\"text\\"><div class=\\"obojobo-draft--components--delete-button\\"><button>Delete</button></div><div class=\\"content\\" id=\\"obojobo-draft--components--modal--modal--content\\"><h1 class=\\"heading\\" style=\\"text-align: center;\\">Upload or Choose an Image</h1><div class=\\"dialog-content\\" style=\\"text-align: center;\\"><div class=\\"choose-image\\"><div class=\\"choose-image--image-controls\\"><div class=\\"choose-image--image-controls--upload\\"><input type=\\"file\\" name=\\"fileupload\\" id=\\"fileupload\\" class=\\"inputfile\\" tabindex=\\"-1\\"><label for=\\"fileupload\\"><span role=\\"button\\" aria-controls=\\"filename\\" tabindex=\\"0\\">Upload New Image</span></label></div><p class=\\"choose-image--image-controls--or\\">or</p><input id=\\"choose-image--image-controls--url\\" type=\\"text\\" placeholder=\\"Enter image URL\\" tabindex=\\"0\\" aria-label=\\"Enter image URL\\" value=\\"\\"></div><div class=\\"choose-image--divider\\"></div><small>Your Recently Uploaded Images</small><div class=\\"choose-image--image-gallary\\" aria-live=\\"polite\\" aria-atomic=\\"true\\" aria-label=\\"1 Recent Images loaded with more\\"><img tabindex=\\"0\\" class=\\"image-gallary--single-photo\\" id=\\"1\\" src=\\"/api/media/1/small\\" role=\\"button\\" alt=\\"Select image 1: file-name-1\\"><div class=\\"obojobo-draft--components--button alt-action is-not-dangerous align-center\\"><button class=\\"choose-image--image-gallary--view-more-btn button\\" tabindex=\\"0\\" aria-label=\\"Load more images\\">Load More...</button></div></div></div></div><div class=\\"controls\\"><div class=\\"obojobo-draft--components--button alt-action is-not-dangerous align-center\\" contenteditable=\\"false\\"><button class=\\"button\\" contenteditable=\\"false\\">Cancel</button></div><div class=\\"obojobo-draft--components--button is-not-dangerous align-center\\" contenteditable=\\"false\\"><button class=\\"button\\" contenteditable=\\"false\\" tabindex=\\"0\\">OK</button></div></div></div><input class=\\"last-tab\\" type=\\"text\\"></div></div></div>"`;

exports[`Choose Image Modal ImageProperties click on \`Cancel\` 1`] = `"<div class=\\"obojobo-draft--components--modal--simple-dialog\\"><div class=\\"obojobo-draft--components--modal--dialog \\"><div class=\\"obojobo-draft--components--modal--modal\\" role=\\"dialog\\" aria-labelledby=\\"obojobo-draft--components--modal--modal--content\\"><input class=\\"first-tab\\" type=\\"text\\"><div class=\\"obojobo-draft--components--delete-button\\"><button>Delete</button></div><div class=\\"content\\" id=\\"obojobo-draft--components--modal--modal--content\\"><h1 class=\\"heading\\" style=\\"text-align: center;\\">Upload or Choose an Image</h1><div class=\\"dialog-content\\" style=\\"text-align: center;\\"><div class=\\"choose-image\\"><div class=\\"choose-image--image-controls\\"><div class=\\"choose-image--image-controls--upload\\"><input type=\\"file\\" name=\\"fileupload\\" id=\\"fileupload\\" class=\\"inputfile\\" tabindex=\\"-1\\"><label for=\\"fileupload\\"><span role=\\"button\\" aria-controls=\\"filename\\" tabindex=\\"0\\">Upload New Image</span></label></div><p class=\\"choose-image--image-controls--or\\">or</p><input id=\\"choose-image--image-controls--url\\" type=\\"text\\" placeholder=\\"Enter image URL\\" tabindex=\\"0\\" aria-label=\\"Enter image URL\\" value=\\"\\"></div><div class=\\"choose-image--divider\\"></div><small>Your Recently Uploaded Images</small><div class=\\"choose-image--image-gallary\\" aria-live=\\"polite\\" aria-atomic=\\"true\\" aria-label=\\"1 Recent Images loaded with more\\"><img tabindex=\\"0\\" class=\\"image-gallary--single-photo\\" id=\\"1\\" src=\\"/api/media/1/small\\" role=\\"button\\" alt=\\"Select image 1: file-name-1\\"><div class=\\"obojobo-draft--components--button alt-action is-not-dangerous align-center\\"><button class=\\"choose-image--image-gallary--view-more-btn button\\" tabindex=\\"0\\" aria-label=\\"Load more images\\">Load More...</button></div></div></div></div><div class=\\"controls\\"><div class=\\"obojobo-draft--components--button alt-action is-not-dangerous align-center\\" contenteditable=\\"false\\"><button class=\\"button\\" contenteditable=\\"false\\">Cancel</button></div><div class=\\"obojobo-draft--components--button is-not-dangerous align-center\\" contenteditable=\\"false\\"><button class=\\"button\\" contenteditable=\\"false\\" tabindex=\\"0\\">OK</button></div></div></div><input class=\\"last-tab\\" type=\\"text\\"></div></div></div>"`;

exports[`Choose Image Modal ImageProperties click on \`OK\` 1`] = `"<div class=\\"obojobo-draft--components--modal--simple-dialog\\"><div class=\\"obojobo-draft--components--modal--dialog \\"><div class=\\"obojobo-draft--components--modal--modal\\" role=\\"dialog\\" aria-labelledby=\\"obojobo-draft--components--modal--modal--content\\"><input class=\\"first-tab\\" type=\\"text\\"><div class=\\"obojobo-draft--components--delete-button\\"><button>Delete</button></div><div class=\\"content\\" id=\\"obojobo-draft--components--modal--modal--content\\"><h1 class=\\"heading\\" style=\\"text-align: center;\\">Upload or Choose an Image</h1><div class=\\"dialog-content\\" style=\\"text-align: center;\\"><div class=\\"choose-image\\"><div class=\\"choose-image--image-controls\\"><div class=\\"choose-image--image-controls--upload\\"><input type=\\"file\\" name=\\"fileupload\\" id=\\"fileupload\\" class=\\"inputfile\\" tabindex=\\"-1\\"><label for=\\"fileupload\\"><span role=\\"button\\" aria-controls=\\"filename\\" tabindex=\\"0\\">Upload New Image</span></label></div><p class=\\"choose-image--image-controls--or\\">or</p><input id=\\"choose-image--image-controls--url\\" type=\\"text\\" placeholder=\\"Enter image URL\\" tabindex=\\"0\\" aria-label=\\"Enter image URL\\" value=\\"\\"></div><div class=\\"choose-image--divider\\"></div><small>Your Recently Uploaded Images</small><div class=\\"choose-image--image-gallary\\" aria-live=\\"polite\\" aria-atomic=\\"true\\" aria-label=\\"1 Recent Images loaded with more\\"><img tabindex=\\"0\\" class=\\"image-gallary--single-photo\\" id=\\"1\\" src=\\"/api/media/1/small\\" role=\\"button\\" alt=\\"Select image 1: file-name-1\\"><div class=\\"obojobo-draft--components--button alt-action is-not-dangerous align-center\\"><button class=\\"choose-image--image-gallary--view-more-btn button\\" tabindex=\\"0\\" aria-label=\\"Load more images\\">Load More...</button></div></div></div></div><div class=\\"controls\\"><div class=\\"obojobo-draft--components--button alt-action is-not-dangerous align-center\\" contenteditable=\\"false\\"><button class=\\"button\\" contenteditable=\\"false\\">Cancel</button></div><div class=\\"obojobo-draft--components--button is-not-dangerous align-center\\" contenteditable=\\"false\\"><button class=\\"button\\" contenteditable=\\"false\\" tabindex=\\"0\\">OK</button></div></div></div><input class=\\"last-tab\\" type=\\"text\\"></div></div></div>"`;

exports[`Choose Image Modal ImageProperties click on \`View More...\` 2`] = `"<div class=\\"obojobo-draft--components--modal--simple-dialog\\"><div class=\\"obojobo-draft--components--modal--dialog \\"><div class=\\"obojobo-draft--components--modal--modal\\" role=\\"dialog\\" aria-labelledby=\\"obojobo-draft--components--modal--modal--content\\"><input class=\\"first-tab\\" type=\\"text\\"><div class=\\"obojobo-draft--components--delete-button\\"><button>Delete</button></div><div class=\\"content\\" id=\\"obojobo-draft--components--modal--modal--content\\"><h1 class=\\"heading\\" style=\\"text-align: center;\\">Upload or Choose an Image</h1><div class=\\"dialog-content\\" style=\\"text-align: center;\\"><div class=\\"choose-image\\"><div class=\\"choose-image--image-controls\\"><div class=\\"choose-image--image-controls--upload\\"><input type=\\"file\\" name=\\"fileupload\\" id=\\"fileupload\\" class=\\"inputfile\\" tabindex=\\"-1\\"><label for=\\"fileupload\\"><span role=\\"button\\" aria-controls=\\"filename\\" tabindex=\\"0\\">Upload New Image</span></label></div><p class=\\"choose-image--image-controls--or\\">or</p><input id=\\"choose-image--image-controls--url\\" type=\\"text\\" placeholder=\\"Enter image URL\\" tabindex=\\"0\\" aria-label=\\"Enter image URL\\" value=\\"\\"></div><div class=\\"choose-image--divider\\"></div><small>Your Recently Uploaded Images</small><div class=\\"choose-image--image-gallary\\" aria-live=\\"polite\\" aria-atomic=\\"true\\" aria-label=\\"2 Recent Images loaded\\"><img tabindex=\\"0\\" class=\\"image-gallary--single-photo\\" id=\\"1\\" src=\\"/api/media/1/small\\" role=\\"button\\" alt=\\"Select image 1: file-name-1\\"><img tabindex=\\"0\\" class=\\"image-gallary--single-photo\\" id=\\"2\\" src=\\"/api/media/2/small\\" role=\\"button\\" alt=\\"Select image 2: file-name-2\\"></div></div></div><div class=\\"controls\\"><div class=\\"obojobo-draft--components--button alt-action is-not-dangerous align-center\\" contenteditable=\\"false\\"><button class=\\"button\\" contenteditable=\\"false\\">Cancel</button></div><div class=\\"obojobo-draft--components--button is-not-dangerous align-center\\" contenteditable=\\"false\\"><button class=\\"button\\" contenteditable=\\"false\\" tabindex=\\"0\\">OK</button></div></div></div><input class=\\"last-tab\\" type=\\"text\\"></div></div></div>"`;

exports[`Choose Image Modal ImageProperties click on an image 1`] = `"<div class=\\"obojobo-draft--components--modal--simple-dialog\\"><div class=\\"obojobo-draft--components--modal--dialog \\"><div class=\\"obojobo-draft--components--modal--modal\\" role=\\"dialog\\" aria-labelledby=\\"obojobo-draft--components--modal--modal--content\\"><input class=\\"first-tab\\" type=\\"text\\"><div class=\\"obojobo-draft--components--delete-button\\"><button>Delete</button></div><div class=\\"content\\" id=\\"obojobo-draft--components--modal--modal--content\\"><h1 class=\\"heading\\" style=\\"text-align: center;\\">Upload or Choose an Image</h1><div class=\\"dialog-content\\" style=\\"text-align: center;\\"><div class=\\"choose-image\\"><div class=\\"choose-image--image-controls\\"><div class=\\"choose-image--image-controls--upload\\"><input type=\\"file\\" name=\\"fileupload\\" id=\\"fileupload\\" class=\\"inputfile\\" tabindex=\\"-1\\"><label for=\\"fileupload\\"><span role=\\"button\\" aria-controls=\\"filename\\" tabindex=\\"0\\">Upload New Image</span></label></div><p class=\\"choose-image--image-controls--or\\">or</p><input id=\\"choose-image--image-controls--url\\" type=\\"text\\" placeholder=\\"Enter image URL\\" tabindex=\\"0\\" aria-label=\\"Enter image URL\\" value=\\"\\"></div><div class=\\"choose-image--divider\\"></div><small>Your Recently Uploaded Images</small><div class=\\"choose-image--image-gallary\\" aria-live=\\"polite\\" aria-atomic=\\"true\\" aria-label=\\"2 Recent Images loaded with more\\"><img tabindex=\\"0\\" class=\\"image-gallary--single-photo\\" id=\\"mock_id\\" src=\\"/api/media/mock_id/small\\" role=\\"button\\" alt=\\"Select image 1: mock-file-name\\"><img tabindex=\\"0\\" class=\\"image-gallary--single-photo\\" id=\\"1\\" src=\\"/api/media/1/small\\" role=\\"button\\" alt=\\"Select image 2: file-name-1\\"><div class=\\"obojobo-draft--components--button alt-action is-not-dangerous align-center\\"><button class=\\"choose-image--image-gallary--view-more-btn button\\" tabindex=\\"0\\" aria-label=\\"Load more images\\">Load More...</button></div></div></div></div><div class=\\"controls\\"><div class=\\"obojobo-draft--components--button alt-action is-not-dangerous align-center\\" contenteditable=\\"false\\"><button class=\\"button\\" contenteditable=\\"false\\">Cancel</button></div><div class=\\"obojobo-draft--components--button is-not-dangerous align-center\\" contenteditable=\\"false\\"><button class=\\"button\\" contenteditable=\\"false\\" tabindex=\\"0\\">OK</button></div></div></div><input class=\\"last-tab\\" type=\\"text\\"></div></div></div>"`;

exports[`Choose Image Modal ImageProperties component changes file 1`] = `"<div class=\\"obojobo-draft--components--modal--simple-dialog\\"><div class=\\"obojobo-draft--components--modal--dialog \\"><div class=\\"obojobo-draft--components--modal--modal\\" role=\\"dialog\\" aria-labelledby=\\"obojobo-draft--components--modal--modal--content\\"><input class=\\"first-tab\\" type=\\"text\\"><div class=\\"obojobo-draft--components--delete-button\\"><button>Delete</button></div><div class=\\"content\\" id=\\"obojobo-draft--components--modal--modal--content\\"><h1 class=\\"heading\\" style=\\"text-align: center;\\">Upload or Choose an Image</h1><div class=\\"dialog-content\\" style=\\"text-align: center;\\"><div class=\\"choose-image\\"><div class=\\"choose-image--image-controls\\"><div class=\\"choose-image--image-controls--upload\\"><input type=\\"file\\" name=\\"fileupload\\" id=\\"fileupload\\" class=\\"inputfile\\" tabindex=\\"-1\\"><label for=\\"fileupload\\"><span role=\\"button\\" aria-controls=\\"filename\\" tabindex=\\"0\\">Upload New Image</span></label></div><p class=\\"choose-image--image-controls--or\\">or</p><input id=\\"choose-image--image-controls--url\\" type=\\"text\\" placeholder=\\"Enter image URL\\" tabindex=\\"0\\" aria-label=\\"Enter image URL\\" value=\\"\\"></div><div class=\\"choose-image--divider\\"></div><small>Your Recently Uploaded Images</small><div class=\\"choose-image--image-gallary\\" aria-live=\\"polite\\" aria-atomic=\\"true\\" aria-label=\\"1 Recent Images loaded with more\\"><img tabindex=\\"0\\" class=\\"image-gallary--single-photo\\" id=\\"1\\" src=\\"/api/media/1/small\\" role=\\"button\\" alt=\\"Select image 1: file-name-1\\"><div class=\\"obojobo-draft--components--button alt-action is-not-dangerous align-center\\"><button class=\\"choose-image--image-gallary--view-more-btn button\\" tabindex=\\"0\\" aria-label=\\"Load more images\\">Load More...</button></div></div></div></div><div class=\\"controls\\"><div class=\\"obojobo-draft--components--button alt-action is-not-dangerous align-center\\" contenteditable=\\"false\\"><button class=\\"button\\" contenteditable=\\"false\\">Cancel</button></div><div class=\\"obojobo-draft--components--button is-not-dangerous align-center\\" contenteditable=\\"false\\"><button class=\\"button\\" contenteditable=\\"false\\" tabindex=\\"0\\">OK</button></div></div></div><input class=\\"last-tab\\" type=\\"text\\"></div></div></div>"`;

exports[`Choose Image Modal ImageProperties handle fetching error 1`] = `"<div class=\\"obojobo-draft--components--modal--simple-dialog\\"><div class=\\"obojobo-draft--components--modal--dialog \\"><div class=\\"obojobo-draft--components--modal--modal\\" role=\\"dialog\\" aria-labelledby=\\"obojobo-draft--components--modal--modal--content\\"><input class=\\"first-tab\\" type=\\"text\\"><div class=\\"obojobo-draft--components--delete-button\\"><button>Delete</button></div><div class=\\"content\\" id=\\"obojobo-draft--components--modal--modal--content\\"><h1 class=\\"heading\\" style=\\"text-align: center;\\">Upload or Choose an Image</h1><div class=\\"dialog-content\\" style=\\"text-align: center;\\"><div class=\\"choose-image\\"><div class=\\"choose-image--image-controls\\"><div class=\\"choose-image--image-controls--upload\\"><input type=\\"file\\" name=\\"fileupload\\" id=\\"fileupload\\" class=\\"inputfile\\" tabindex=\\"-1\\"><label for=\\"fileupload\\"><span role=\\"button\\" aria-controls=\\"filename\\" tabindex=\\"0\\">Upload New Image</span></label></div><p class=\\"choose-image--image-controls--or\\">or</p><input id=\\"choose-image--image-controls--url\\" type=\\"text\\" placeholder=\\"Enter image URL\\" tabindex=\\"0\\" aria-label=\\"Enter image URL\\" value=\\"\\"></div><div class=\\"choose-image--divider\\"></div><small>Your Recently Uploaded Images</small><div class=\\"choose-image--image-gallary\\" aria-live=\\"polite\\" aria-atomic=\\"true\\" aria-label=\\"0 Recent Images loaded\\"></div></div></div><div class=\\"controls\\"><div class=\\"obojobo-draft--components--button alt-action is-not-dangerous align-center\\" contenteditable=\\"false\\"><button class=\\"button\\" contenteditable=\\"false\\">Cancel</button></div><div class=\\"obojobo-draft--components--button is-not-dangerous align-center\\" contenteditable=\\"false\\"><button class=\\"button\\" contenteditable=\\"false\\" tabindex=\\"0\\">OK</button></div></div></div><input class=\\"last-tab\\" type=\\"text\\"></div></div></div>"`;

exports[`Choose Image Modal ImageProperties handle promise rejection 1`] = `"<div class=\\"obojobo-draft--components--modal--simple-dialog\\"><div class=\\"obojobo-draft--components--modal--dialog \\"><div class=\\"obojobo-draft--components--modal--modal\\" role=\\"dialog\\" aria-labelledby=\\"obojobo-draft--components--modal--modal--content\\"><input class=\\"first-tab\\" type=\\"text\\"><div class=\\"obojobo-draft--components--delete-button\\"><button>Delete</button></div><div class=\\"content\\" id=\\"obojobo-draft--components--modal--modal--content\\"><h1 class=\\"heading\\" style=\\"text-align: center;\\">Upload or Choose an Image</h1><div class=\\"dialog-content\\" style=\\"text-align: center;\\"><div class=\\"choose-image\\"><div class=\\"choose-image--image-controls\\"><div class=\\"choose-image--image-controls--upload\\"><input type=\\"file\\" name=\\"fileupload\\" id=\\"fileupload\\" class=\\"inputfile\\" tabindex=\\"-1\\"><label for=\\"fileupload\\"><span role=\\"button\\" aria-controls=\\"filename\\" tabindex=\\"0\\">Upload New Image</span></label></div><p class=\\"choose-image--image-controls--or\\">or</p><input id=\\"choose-image--image-controls--url\\" type=\\"text\\" placeholder=\\"Enter image URL\\" tabindex=\\"0\\" aria-label=\\"Enter image URL\\" value=\\"\\"></div><div class=\\"choose-image--divider\\"></div><small>Your Recently Uploaded Images</small><div class=\\"choose-image--image-gallary\\" aria-live=\\"polite\\" aria-atomic=\\"true\\" aria-label=\\"0 Recent Images loaded\\"></div></div></div><div class=\\"controls\\"><div class=\\"obojobo-draft--components--button alt-action is-not-dangerous align-center\\" contenteditable=\\"false\\"><button class=\\"button\\" contenteditable=\\"false\\">Cancel</button></div><div class=\\"obojobo-draft--components--button is-not-dangerous align-center\\" contenteditable=\\"false\\"><button class=\\"button\\" contenteditable=\\"false\\" tabindex=\\"0\\">OK</button></div></div></div><input class=\\"last-tab\\" type=\\"text\\"></div></div></div>"`;

exports[`Choose Image Modal ImageProperties onKeyPress \`Enter\` on an image 1`] = `"<div class=\\"obojobo-draft--components--modal--simple-dialog\\"><div class=\\"obojobo-draft--components--modal--dialog \\"><div class=\\"obojobo-draft--components--modal--modal\\" role=\\"dialog\\" aria-labelledby=\\"obojobo-draft--components--modal--modal--content\\"><input class=\\"first-tab\\" type=\\"text\\"><div class=\\"obojobo-draft--components--delete-button\\"><button>Delete</button></div><div class=\\"content\\" id=\\"obojobo-draft--components--modal--modal--content\\"><h1 class=\\"heading\\" style=\\"text-align: center;\\">Upload or Choose an Image</h1><div class=\\"dialog-content\\" style=\\"text-align: center;\\"><div class=\\"choose-image\\"><div class=\\"choose-image--image-controls\\"><div class=\\"choose-image--image-controls--upload\\"><input type=\\"file\\" name=\\"fileupload\\" id=\\"fileupload\\" class=\\"inputfile\\" tabindex=\\"-1\\"><label for=\\"fileupload\\"><span role=\\"button\\" aria-controls=\\"filename\\" tabindex=\\"0\\">Upload New Image</span></label></div><p class=\\"choose-image--image-controls--or\\">or</p><input id=\\"choose-image--image-controls--url\\" type=\\"text\\" placeholder=\\"Enter image URL\\" tabindex=\\"0\\" aria-label=\\"Enter image URL\\" value=\\"\\"></div><div class=\\"choose-image--divider\\"></div><small>Your Recently Uploaded Images</small><div class=\\"choose-image--image-gallary\\" aria-live=\\"polite\\" aria-atomic=\\"true\\" aria-label=\\"2 Recent Images loaded with more\\"><img tabindex=\\"0\\" class=\\"image-gallary--single-photo\\" id=\\"mock_id\\" src=\\"/api/media/mock_id/small\\" role=\\"button\\" alt=\\"Select image 1: mock-file-name\\"><img tabindex=\\"0\\" class=\\"image-gallary--single-photo\\" id=\\"1\\" src=\\"/api/media/1/small\\" role=\\"button\\" alt=\\"Select image 2: file-name-1\\"><div class=\\"obojobo-draft--components--button alt-action is-not-dangerous align-center\\"><button class=\\"choose-image--image-gallary--view-more-btn button\\" tabindex=\\"0\\" aria-label=\\"Load more images\\">Load More...</button></div></div></div></div><div class=\\"controls\\"><div class=\\"obojobo-draft--components--button alt-action is-not-dangerous align-center\\" contenteditable=\\"false\\"><button class=\\"button\\" contenteditable=\\"false\\">Cancel</button></div><div class=\\"obojobo-draft--components--button is-not-dangerous align-center\\" contenteditable=\\"false\\"><button class=\\"button\\" contenteditable=\\"false\\" tabindex=\\"0\\">OK</button></div></div></div><input class=\\"last-tab\\" type=\\"text\\"></div></div></div>"`;

exports[`Choose Image Modal ImageProperties onPress that are not \`Enter\` on an image 1`] = `"<div class=\\"obojobo-draft--components--modal--simple-dialog\\"><div class=\\"obojobo-draft--components--modal--dialog \\"><div class=\\"obojobo-draft--components--modal--modal\\" role=\\"dialog\\" aria-labelledby=\\"obojobo-draft--components--modal--modal--content\\"><input class=\\"first-tab\\" type=\\"text\\"><div class=\\"obojobo-draft--components--delete-button\\"><button>Delete</button></div><div class=\\"content\\" id=\\"obojobo-draft--components--modal--modal--content\\"><h1 class=\\"heading\\" style=\\"text-align: center;\\">Upload or Choose an Image</h1><div class=\\"dialog-content\\" style=\\"text-align: center;\\"><div class=\\"choose-image\\"><div class=\\"choose-image--image-controls\\"><div class=\\"choose-image--image-controls--upload\\"><input type=\\"file\\" name=\\"fileupload\\" id=\\"fileupload\\" class=\\"inputfile\\" tabindex=\\"-1\\"><label for=\\"fileupload\\"><span role=\\"button\\" aria-controls=\\"filename\\" tabindex=\\"0\\">Upload New Image</span></label></div><p class=\\"choose-image--image-controls--or\\">or</p><input id=\\"choose-image--image-controls--url\\" type=\\"text\\" placeholder=\\"Enter image URL\\" tabindex=\\"0\\" aria-label=\\"Enter image URL\\" value=\\"\\"></div><div class=\\"choose-image--divider\\"></div><small>Your Recently Uploaded Images</small><div class=\\"choose-image--image-gallary\\" aria-live=\\"polite\\" aria-atomic=\\"true\\" aria-label=\\"2 Recent Images loaded with more\\"><img tabindex=\\"0\\" class=\\"image-gallary--single-photo\\" id=\\"mock_id\\" src=\\"/api/media/mock_id/small\\" role=\\"button\\" alt=\\"Select image 1: mock-file-name\\"><img tabindex=\\"0\\" class=\\"image-gallary--single-photo\\" id=\\"1\\" src=\\"/api/media/1/small\\" role=\\"button\\" alt=\\"Select image 2: file-name-1\\"><div class=\\"obojobo-draft--components--button alt-action is-not-dangerous align-center\\"><button class=\\"choose-image--image-gallary--view-more-btn button\\" tabindex=\\"0\\" aria-label=\\"Load more images\\">Load More...</button></div></div></div></div><div class=\\"controls\\"><div class=\\"obojobo-draft--components--button alt-action is-not-dangerous align-center\\" contenteditable=\\"false\\"><button class=\\"button\\" contenteditable=\\"false\\">Cancel</button></div><div class=\\"obojobo-draft--components--button is-not-dangerous align-center\\" contenteditable=\\"false\\"><button class=\\"button\\" contenteditable=\\"false\\" tabindex=\\"0\\">OK</button></div></div></div><input class=\\"last-tab\\" type=\\"text\\"></div></div></div>"`;
